Archive member included to satisfy reference by file (symbol)

/Applications/STM32CubeIDE.app/Contents/Eclipse/plugins/com.st.stm32cube.ide.mcu.externaltools.gnu-tools-for-stm32.11.3.rel1.macos64_1.1.1.202309131626/tools/bin/../lib/gcc/arm-none-eabi/11.3.1/../../../../arm-none-eabi/lib/thumb/v8-m.main+fp/hard/libc_nano.a(libc_a-exit.o)
                              /Applications/STM32CubeIDE.app/Contents/Eclipse/plugins/com.st.stm32cube.ide.mcu.externaltools.gnu-tools-for-stm32.11.3.rel1.macos64_1.1.1.202309131626/tools/bin/../lib/gcc/arm-none-eabi/11.3.1/../../../../arm-none-eabi/lib/thumb/v8-m.main+fp/hard/crt0.o (exit)
/Applications/STM32CubeIDE.app/Contents/Eclipse/plugins/com.st.stm32cube.ide.mcu.externaltools.gnu-tools-for-stm32.11.3.rel1.macos64_1.1.1.202309131626/tools/bin/../lib/gcc/arm-none-eabi/11.3.1/../../../../arm-none-eabi/lib/thumb/v8-m.main+fp/hard/libc_nano.a(libc_a-malloc.o)
                              ./Core/Src/hdc.o (malloc)
/Applications/STM32CubeIDE.app/Contents/Eclipse/plugins/com.st.stm32cube.ide.mcu.externaltools.gnu-tools-for-stm32.11.3.rel1.macos64_1.1.1.202309131626/tools/bin/../lib/gcc/arm-none-eabi/11.3.1/../../../../arm-none-eabi/lib/thumb/v8-m.main+fp/hard/libc_nano.a(libc_a-mallocr.o)
                              /Applications/STM32CubeIDE.app/Contents/Eclipse/plugins/com.st.stm32cube.ide.mcu.externaltools.gnu-tools-for-stm32.11.3.rel1.macos64_1.1.1.202309131626/tools/bin/../lib/gcc/arm-none-eabi/11.3.1/../../../../arm-none-eabi/lib/thumb/v8-m.main+fp/hard/libc_nano.a(libc_a-malloc.o) (_malloc_r)
/Applications/STM32CubeIDE.app/Contents/Eclipse/plugins/com.st.stm32cube.ide.mcu.externaltools.gnu-tools-for-stm32.11.3.rel1.macos64_1.1.1.202309131626/tools/bin/../lib/gcc/arm-none-eabi/11.3.1/../../../../arm-none-eabi/lib/thumb/v8-m.main+fp/hard/libc_nano.a(libc_a-mlock.o)
                              /Applications/STM32CubeIDE.app/Contents/Eclipse/plugins/com.st.stm32cube.ide.mcu.externaltools.gnu-tools-for-stm32.11.3.rel1.macos64_1.1.1.202309131626/tools/bin/../lib/gcc/arm-none-eabi/11.3.1/../../../../arm-none-eabi/lib/thumb/v8-m.main+fp/hard/libc_nano.a(libc_a-mallocr.o) (__malloc_lock)
/Applications/STM32CubeIDE.app/Contents/Eclipse/plugins/com.st.stm32cube.ide.mcu.externaltools.gnu-tools-for-stm32.11.3.rel1.macos64_1.1.1.202309131626/tools/bin/../lib/gcc/arm-none-eabi/11.3.1/../../../../arm-none-eabi/lib/thumb/v8-m.main+fp/hard/libc_nano.a(libc_a-findfp.o)
                              /Applications/STM32CubeIDE.app/Contents/Eclipse/plugins/com.st.stm32cube.ide.mcu.externaltools.gnu-tools-for-stm32.11.3.rel1.macos64_1.1.1.202309131626/tools/bin/../lib/gcc/arm-none-eabi/11.3.1/../../../../arm-none-eabi/lib/thumb/v8-m.main+fp/hard/libc_nano.a(libc_a-exit.o) (__stdio_exit_handler)
/Applications/STM32CubeIDE.app/Contents/Eclipse/plugins/com.st.stm32cube.ide.mcu.externaltools.gnu-tools-for-stm32.11.3.rel1.macos64_1.1.1.202309131626/tools/bin/../lib/gcc/arm-none-eabi/11.3.1/../../../../arm-none-eabi/lib/thumb/v8-m.main+fp/hard/libc_nano.a(libc_a-fwalk.o)
                              /Applications/STM32CubeIDE.app/Contents/Eclipse/plugins/com.st.stm32cube.ide.mcu.externaltools.gnu-tools-for-stm32.11.3.rel1.macos64_1.1.1.202309131626/tools/bin/../lib/gcc/arm-none-eabi/11.3.1/../../../../arm-none-eabi/lib/thumb/v8-m.main+fp/hard/libc_nano.a(libc_a-findfp.o) (_fwalk_sglue)
/Applications/STM32CubeIDE.app/Contents/Eclipse/plugins/com.st.stm32cube.ide.mcu.externaltools.gnu-tools-for-stm32.11.3.rel1.macos64_1.1.1.202309131626/tools/bin/../lib/gcc/arm-none-eabi/11.3.1/../../../../arm-none-eabi/lib/thumb/v8-m.main+fp/hard/libc_nano.a(libc_a-printf.o)
                              ./Core/Src/main.o (printf)
/Applications/STM32CubeIDE.app/Contents/Eclipse/plugins/com.st.stm32cube.ide.mcu.externaltools.gnu-tools-for-stm32.11.3.rel1.macos64_1.1.1.202309131626/tools/bin/../lib/gcc/arm-none-eabi/11.3.1/../../../../arm-none-eabi/lib/thumb/v8-m.main+fp/hard/libc_nano.a(libc_a-memset.o)
                              /Applications/STM32CubeIDE.app/Contents/Eclipse/plugins/com.st.stm32cube.ide.mcu.externaltools.gnu-tools-for-stm32.11.3.rel1.macos64_1.1.1.202309131626/tools/bin/../lib/gcc/arm-none-eabi/11.3.1/../../../../arm-none-eabi/lib/thumb/v8-m.main+fp/hard/crt0.o (memset)
/Applications/STM32CubeIDE.app/Contents/Eclipse/plugins/com.st.stm32cube.ide.mcu.externaltools.gnu-tools-for-stm32.11.3.rel1.macos64_1.1.1.202309131626/tools/bin/../lib/gcc/arm-none-eabi/11.3.1/../../../../arm-none-eabi/lib/thumb/v8-m.main+fp/hard/libc_nano.a(libc_a-impure.o)
                              /Applications/STM32CubeIDE.app/Contents/Eclipse/plugins/com.st.stm32cube.ide.mcu.externaltools.gnu-tools-for-stm32.11.3.rel1.macos64_1.1.1.202309131626/tools/bin/../lib/gcc/arm-none-eabi/11.3.1/../../../../arm-none-eabi/lib/thumb/v8-m.main+fp/hard/libc_nano.a(libc_a-malloc.o) (_impure_ptr)
[...]
Memory Configuration

Name             Origin             Length             Attributes
RAM              0x0000000020000000 0x00000000000c0000 xrw
SRAM4            0x0000000028000000 0x0000000000004000 xrw
FLASH            0x0000000008000000 0x0000000000200000 xr
*default*        0x0000000000000000 0xffffffffffffffff

Linker script and memory map

LOAD /Applications/STM32CubeIDE.app/Contents/Eclipse/plugins/com.st.stm32cube.ide.mcu.externaltools.gnu-tools-for-stm32.11.3.rel1.macos64_1.1.1.202309131626/tools/bin/../lib/gcc/arm-none-eabi/11.3.1/thumb/v8-m.main+fp/hard/crti.o
LOAD /Applications/STM32CubeIDE.app/Contents/Eclipse/plugins/com.st.stm32cube.ide.mcu.externaltools.gnu-tools-for-stm32.11.3.rel1.macos64_1.1.1.202309131626/tools/bin/../lib/gcc/arm-none-eabi/11.3.1/thumb/v8-m.main+fp/hard/crtbegin.o
LOAD /Applications/STM32CubeIDE.app/Contents/Eclipse/plugins/com.st.stm32cube.ide.mcu.externaltools.gnu-tools-for-stm32.11.3.rel1.macos64_1.1.1.202309131626/tools/bin/../lib/gcc/arm-none-eabi/11.3.1/../../../../arm-none-eabi/lib/thumb/v8-m.main+fp/hard/crt0.o
LOAD ./Core/Src/dcmi.o
LOAD ./Core/Src/gpdma.o
LOAD ./Core/Src/gpio.o
LOAD ./Core/Src/hdc.o
LOAD ./Core/Src/i2c.o
LOAD ./Core/Src/icache.o
LOAD ./Core/Src/linked_list.o
LOAD ./Core/Src/main.o
LOAD ./Core/Src/memorymap.o
LOAD ./Core/Src/stm32u5xx_hal_msp.o
LOAD ./Core/Src/stm32u5xx_it.o
LOAD ./Core/Src/syscalls.o
LOAD ./Core/Src/sysmem.o
LOAD ./Core/Src/system_stm32u5xx.o
LOAD ./Core/Src/usart.o
LOAD ./Core/Startup/startup_stm32u585aiixq.o
LOAD ./Drivers/BSP/B-U585I-IOT02A/b_u585i_iot02a.o
LOAD ./Drivers/BSP/B-U585I-IOT02A/b_u585i_iot02a_bus.o
LOAD ./Drivers/BSP/B-U585I-IOT02A/b_u585i_iot02a_camera.o
LOAD ./Drivers/BSP/Components/ov5640/ov5640.o
LOAD ./Drivers/BSP/Components/ov5640/ov5640_reg.o
LOAD ./Drivers/STM32U5xx_HAL_Driver/Src/stm32u5xx_hal.o
LOAD ./Drivers/STM32U5xx_HAL_Driver/Src/stm32u5xx_hal_cortex.o
LOAD ./Drivers/STM32U5xx_HAL_Driver/Src/stm32u5xx_hal_dcmi.o
LOAD ./Drivers/STM32U5xx_HAL_Driver/Src/stm32u5xx_hal_dma.o
LOAD ./Drivers/STM32U5xx_HAL_Driver/Src/stm32u5xx_hal_dma_ex.o
LOAD ./Drivers/STM32U5xx_HAL_Driver/Src/stm32u5xx_hal_exti.o
LOAD ./Drivers/STM32U5xx_HAL_Driver/Src/stm32u5xx_hal_flash.o
LOAD ./Drivers/STM32U5xx_HAL_Driver/Src/stm32u5xx_hal_flash_ex.o
LOAD ./Drivers/STM32U5xx_HAL_Driver/Src/stm32u5xx_hal_gpio.o
LOAD ./Drivers/STM32U5xx_HAL_Driver/Src/stm32u5xx_hal_gtzc.o
LOAD ./Drivers/STM32U5xx_HAL_Driver/Src/stm32u5xx_hal_i2c.o
LOAD ./Drivers/STM32U5xx_HAL_Driver/Src/stm32u5xx_hal_i2c_ex.o
LOAD ./Drivers/STM32U5xx_HAL_Driver/Src/stm32u5xx_hal_icache.o
LOAD ./Drivers/STM32U5xx_HAL_Driver/Src/stm32u5xx_hal_pwr.o
LOAD ./Drivers/STM32U5xx_HAL_Driver/Src/stm32u5xx_hal_pwr_ex.o
LOAD ./Drivers/STM32U5xx_HAL_Driver/Src/stm32u5xx_hal_rcc.o
LOAD ./Drivers/STM32U5xx_HAL_Driver/Src/stm32u5xx_hal_rcc_ex.o
LOAD ./Drivers/STM32U5xx_HAL_Driver/Src/stm32u5xx_hal_tim.o
LOAD ./Drivers/STM32U5xx_HAL_Driver/Src/stm32u5xx_hal_tim_ex.o
LOAD ./Drivers/STM32U5xx_HAL_Driver/Src/stm32u5xx_hal_uart.o
LOAD ./Drivers/STM32U5xx_HAL_Driver/Src/stm32u5xx_hal_uart_ex.o
START GROUP
LOAD /Applications/STM32CubeIDE.app/Contents/Eclipse/plugins/com.st.stm32cube.ide.mcu.externaltools.gnu-tools-for-stm32.11.3.rel1.macos64_1.1.1.202309131626/tools/bin/../lib/gcc/arm-none-eabi/11.3.1/../../../../arm-none-eabi/lib/thumb/v8-m.main+fp/hard/libc_nano.a
LOAD /Applications/STM32CubeIDE.app/Contents/Eclipse/plugins/com.st.stm32cube.ide.mcu.externaltools.gnu-tools-for-stm32.11.3.rel1.macos64_1.1.1.202309131626/tools/bin/../lib/gcc/arm-none-eabi/11.3.1/../../../../arm-none-eabi/lib/thumb/v8-m.main+fp/hard/libm.a
END GROUP
START GROUP
LOAD /Applications/STM32CubeIDE.app/Contents/Eclipse/plugins/com.st.stm32cube.ide.mcu.externaltools.gnu-tools-for-stm32.11.3.rel1.macos64_1.1.1.202309131626/tools/bin/../lib/gcc/arm-none-eabi/11.3.1/thumb/v8-m.main+fp/hard/libgcc.a
LOAD /Applications/STM32CubeIDE.app/Contents/Eclipse/plugins/com.st.stm32cube.ide.mcu.externaltools.gnu-tools-for-stm32.11.3.rel1.macos64_1.1.1.202309131626/tools/bin/../lib/gcc/arm-none-eabi/11.3.1/../../../../arm-none-eabi/lib/thumb/v8-m.main+fp/hard/libc_nano.a
END GROUP
START GROUP
LOAD /Applications/STM32CubeIDE.app/Contents/Eclipse/plugins/com.st.stm32cube.ide.mcu.externaltools.gnu-tools-for-stm32.11.3.rel1.macos64_1.1.1.202309131626/tools/bin/../lib/gcc/arm-none-eabi/11.3.1/thumb/v8-m.main+fp/hard/libgcc.a
LOAD /Applications/STM32CubeIDE.app/Contents/Eclipse/plugins/com.st.stm32cube.ide.mcu.externaltools.gnu-tools-for-stm32.11.3.rel1.macos64_1.1.1.202309131626/tools/bin/../lib/gcc/arm-none-eabi/11.3.1/../../../../arm-none-eabi/lib/thumb/v8-m.main+fp/hard/libc_nano.a
LOAD /Applications/STM32CubeIDE.app/Contents/Eclipse/plugins/com.st.stm32cube.ide.mcu.externaltools.gnu-tools-for-stm32.11.3.rel1.macos64_1.1.1.202309131626/tools/bin/../lib/gcc/arm-none-eabi/11.3.1/../../../../arm-none-eabi/lib/thumb/v8-m.main+fp/hard/libnosys.a
END GROUP
START GROUP
LOAD /Applications/STM32CubeIDE.app/Contents/Eclipse/plugins/com.st.stm32cube.ide.mcu.externaltools.gnu-tools-for-stm32.11.3.rel1.macos64_1.1.1.202309131626/tools/bin/../lib/gcc/arm-none-eabi/11.3.1/thumb/v8-m.main+fp/hard/libgcc.a
LOAD /Applications/STM32CubeIDE.app/Contents/Eclipse/plugins/com.st.stm32cube.ide.mcu.externaltools.gnu-tools-for-stm32.11.3.rel1.macos64_1.1.1.202309131626/tools/bin/../lib/gcc/arm-none-eabi/11.3.1/../../../../arm-none-eabi/lib/thumb/v8-m.main+fp/hard/libc_nano.a
LOAD /Applications/STM32CubeIDE.app/Contents/Eclipse/plugins/com.st.stm32cube.ide.mcu.externaltools.gnu-tools-for-stm32.11.3.rel1.macos64_1.1.1.202309131626/tools/bin/../lib/gcc/arm-none-eabi/11.3.1/../../../../arm-none-eabi/lib/thumb/v8-m.main+fp/hard/libnosys.a
END GROUP
LOAD /Applications/STM32CubeIDE.app/Contents/Eclipse/plugins/com.st.stm32cube.ide.mcu.externaltools.gnu-tools-for-stm32.11.3.rel1.macos64_1.1.1.202309131626/tools/bin/../lib/gcc/arm-none-eabi/11.3.1/thumb/v8-m.main+fp/hard/crtend.o
LOAD /Applications/STM32CubeIDE.app/Contents/Eclipse/plugins/com.st.stm32cube.ide.mcu.externaltools.gnu-tools-for-stm32.11.3.rel1.macos64_1.1.1.202309131626/tools/bin/../lib/gcc/arm-none-eabi/11.3.1/thumb/v8-m.main+fp/hard/crtn.o
                0x00000000200c0000                _estack = (ORIGIN (RAM) + LENGTH (RAM))
                0x0000000000000200                _Min_Heap_Size = 0x200
                0x0000000000000400                _Min_Stack_Size = 0x400

.isr_vector     0x0000000008000000      0x238
 *(.isr_vector)
 .isr_vector    0x0000000008000000      0x238 ./Core/Startup/startup_stm32u585aiixq.o
                0x0000000008000000                g_pfnVectors

.text           0x0000000008000238    0xaeb24
 *(.text)
 .text          0x0000000008000238       0x40 /Applications/STM32CubeIDE.app/Contents/Eclipse/plugins/com.st.stm32cube.ide.mcu.externaltools.gnu-tools-for-stm32.11.3.rel1.macos64_1.1.1.202309131626/tools/bin/../lib/gcc/arm-none-eabi/11.3.1/thumb/v8-m.main+fp/hard/crtbegin.o
 .text          0x0000000008000278    0xa1220 ./Core/Src/hdc.o
                0x0000000008000278                model
                0x0000000008018918                codebook
 .text          0x00000000080a1498      0x378 /Applications/STM32CubeIDE.app/Contents/Eclipse/plugins/com.st.stm32cube.ide.mcu.externaltools.gnu-tools-for-stm32.11.3.rel1.macos64_1.1.1.202309131626/tools/bin/../lib/gcc/arm-none-eabi/11.3.1/thumb/v8-m.main+fp/hard/libgcc.a(_arm_addsubdf3.o)
                0x00000000080a1498                __aeabi_drsub
                0x00000000080a14a0                __subdf3
                0x00000000080a14a0                __aeabi_dsub
                0x00000000080a14a4                __aeabi_dadd
                0x00000000080a14a4                __adddf3
                0x00000000080a171c                __aeabi_ui2d
                0x00000000080a171c                __floatunsidf
                0x00000000080a173c                __floatsidf
                0x00000000080a173c                __aeabi_i2d
                0x00000000080a1760                __extendsfdf2
                0x00000000080a1760                __aeabi_f2d
                0x00000000080a17a4                __aeabi_ul2d
                0x00000000080a17a4                __floatundidf
                0x00000000080a17b4                __aeabi_l2d
                0x00000000080a17b4                __floatdidf
 .text          0x00000000080a1810      0x424 /Applications/STM32CubeIDE.app/Contents/Eclipse/plugins/com.st.stm32cube.ide.mcu.externaltools.gnu-tools-for-stm32.11.3.rel1.macos64_1.1.1.202309131626/tools/bin/../lib/gcc/arm-none-eabi/11.3.1/thumb/v8-m.main+fp/hard/libgcc.a(_arm_muldivdf3.o)
                0x00000000080a1810                __aeabi_dmul
                0x00000000080a1810                __muldf3
                0x00000000080a1a64                __aeabi_ddiv
                0x00000000080a1a64                __divdf3
 .text          0x00000000080a1c34      0x110 /Applications/STM32CubeIDE.app/Contents/Eclipse/plugins/com.st.stm32cube.ide.mcu.externaltools.gnu-tools-for-stm32.11.3.rel1.macos64_1.1.1.202309131626/tools/bin/../lib/gcc/arm-none-eabi/11.3.1/thumb/v8-m.main+fp/hard/libgcc.a(_arm_cmpdf2.o)
                0x00000000080a1c34                __gedf2
                0x00000000080a1c34                __gtdf2
                0x00000000080a1c3c                __ledf2
                0x00000000080a1c3c                __ltdf2
                0x00000000080a1c44                __cmpdf2
                0x00000000080a1c44                __eqdf2
                0x00000000080a1c44                __nedf2
                0x00000000080a1cc0                __aeabi_cdrcmple
                0x00000000080a1cd0                __aeabi_cdcmple
                0x00000000080a1cd0                __aeabi_cdcmpeq
                0x00000000080a1ce0                __aeabi_dcmpeq
                0x00000000080a1cf4                __aeabi_dcmplt
                0x00000000080a1d08                __aeabi_dcmple
                0x00000000080a1d1c                __aeabi_dcmpge
                0x00000000080a1d30                __aeabi_dcmpgt
 .text          0x00000000080a1d44       0x30 /Applications/STM32CubeIDE.app/Contents/Eclipse/plugins/com.st.stm32cube.ide.mcu.externaltools.gnu-tools-for-stm32.11.3.rel1.macos64_1.1.1.202309131626/tools/bin/../lib/gcc/arm-none-eabi/11.3.1/thumb/v8-m.main+fp/hard/libgcc.a(_aeabi_uldivmod.o)
                0x00000000080a1d44                __aeabi_uldivmod
 .text          0x00000000080a1d74      0x2ec /Applications/STM32CubeIDE.app/Contents/Eclipse/plugins/com.st.stm32cube.ide.mcu.externaltools.gnu-tools-for-stm32.11.3.rel1.macos64_1.1.1.202309131626/tools/bin/../lib/gcc/arm-none-eabi/11.3.1/thumb/v8-m.main+fp/hard/libgcc.a(_udivmoddi4.o)
                0x00000000080a1d74                __udivmoddi4
 .text          0x00000000080a2060        0x4 /Applications/STM32CubeIDE.app/Contents/Eclipse/plugins/com.st.stm32cube.ide.mcu.externaltools.gnu-tools-for-stm32.11.3.rel1.macos64_1.1.1.202309131626/tools/bin/../lib/gcc/arm-none-eabi/11.3.1/thumb/v8-m.main+fp/hard/libgcc.a(_dvmd_tls.o)
                0x00000000080a2060                __aeabi_ldiv0
                0x00000000080a2060                __aeabi_idiv0
 *(.text*)
 .text.MX_DCMI_Init
                0x00000000080a2064       0x68 ./Core/Src/dcmi.o
                0x00000000080a2064                MX_DCMI_Init
 .text.HAL_DCMI_MspInit
                0x00000000080a20cc      0x1f4 ./Core/Src/dcmi.o
                0x00000000080a20cc                HAL_DCMI_MspInit
 .text.MX_GPDMA1_Init
                0x00000000080a22c0       0x90 ./Core/Src/gpdma.o
                0x00000000080a22c0                MX_GPDMA1_Init
 .text.MX_GPIO_Init
                0x00000000080a2350      0x5b4 ./Core/Src/gpio.o
                0x00000000080a2350                MX_GPIO_Init
 .text.bind     0x00000000080a2904       0x4c ./Core/Src/hdc.o
                0x00000000080a2904                bind
 .text.permute  0x00000000080a2950       0x4e ./Core/Src/hdc.o
                0x00000000080a2950                permute
 *fill*         0x00000000080a299e        0x2 
 .text.distance
                0x00000000080a29a0       0x70 ./Core/Src/hdc.o
                0x00000000080a29a0                distance
 .text.encode   0x00000000080a2a10      0x2a8 ./Core/Src/hdc.o
                0x00000000080a2a10                encode
 .text.predict  0x00000000080a2cb8       0x80 ./Core/Src/hdc.o
                0x00000000080a2cb8                predict
 .text.MX_I2C1_Init
                0x00000000080a2d38       0x80 ./Core/Src/i2c.o
                0x00000000080a2d38                MX_I2C1_Init
 .text.HAL_I2C_MspInit
                0x00000000080a2db8       0xd0 ./Core/Src/i2c.o
                0x00000000080a2db8                HAL_I2C_MspInit
 .text.HAL_I2C_MspDeInit
                0x00000000080a2e88       0x4c ./Core/Src/i2c.o
                0x00000000080a2e88                HAL_I2C_MspDeInit
 .text.MX_ICACHE_Init
                0x00000000080a2ed4       0x26 ./Core/Src/icache.o
                0x00000000080a2ed4                MX_ICACHE_Init
 *fill*         0x00000000080a2efa        0x2 
 .text.MX_DCMIQueue_Config
                0x00000000080a2efc       0xe4 ./Core/Src/linked_list.o
                0x00000000080a2efc                MX_DCMIQueue_Config
 .text.__io_putchar
                0x00000000080a2fe0       0x24 ./Core/Src/main.o
                0x00000000080a2fe0                __io_putchar
 .text.BSP_CAMERA_FrameEventCallback
                0x00000000080a3004       0x20 ./Core/Src/main.o
                0x00000000080a3004                BSP_CAMERA_FrameEventCallback
 .text.main     0x00000000080a3024      0x664 ./Core/Src/main.o
                0x00000000080a3024                main
 .text.SystemClock_Config
                0x00000000080a3688       0xb8 ./Core/Src/main.o
                0x00000000080a3688                SystemClock_Config
 .text.SystemPower_Config
                0x00000000080a3740       0x1c ./Core/Src/main.o
 .text.Error_Handler
                0x00000000080a375c        0xa ./Core/Src/main.o
                0x00000000080a375c                Error_Handler
 .text.MX_MEMORYMAP_Init
                0x00000000080a3766        0xe ./Core/Src/memorymap.o
                0x00000000080a3766                MX_MEMORYMAP_Init
 .text.HAL_MspInit
                0x00000000080a3774       0x34 ./Core/Src/stm32u5xx_hal_msp.o
                0x00000000080a3774                HAL_MspInit
 .text.NMI_Handler
                0x00000000080a37a8        0x6 ./Core/Src/stm32u5xx_it.o
                0x00000000080a37a8                NMI_Handler
 .text.HardFault_Handler
                0x00000000080a37ae        0x6 ./Core/Src/stm32u5xx_it.o
                0x00000000080a37ae                HardFault_Handler
 .text.MemManage_Handler
                0x00000000080a37b4        0x6 ./Core/Src/stm32u5xx_it.o
                0x00000000080a37b4                MemManage_Handler
 .text.BusFault_Handler
                0x00000000080a37ba        0x6 ./Core/Src/stm32u5xx_it.o
                0x00000000080a37ba                BusFault_Handler
 .text.UsageFault_Handler
                0x00000000080a37c0        0x6 ./Core/Src/stm32u5xx_it.o
                0x00000000080a37c0                UsageFault_Handler
 .text.SVC_Handler
                0x00000000080a37c6        0xe ./Core/Src/stm32u5xx_it.o
                0x00000000080a37c6                SVC_Handler
 .text.DebugMon_Handler
                0x00000000080a37d4        0xe ./Core/Src/stm32u5xx_it.o
                0x00000000080a37d4                DebugMon_Handler
 .text.PendSV_Handler
                0x00000000080a37e2        0xe ./Core/Src/stm32u5xx_it.o
                0x00000000080a37e2                PendSV_Handler
 .text.SysTick_Handler
                0x00000000080a37f0        0xc ./Core/Src/stm32u5xx_it.o
                0x00000000080a37f0                SysTick_Handler
 .text.USART1_IRQHandler
                0x00000000080a37fc       0x14 ./Core/Src/stm32u5xx_it.o
                0x00000000080a37fc                USART1_IRQHandler
 .text.GPDMA1_Channel12_IRQHandler
                0x00000000080a3810       0x14 ./Core/Src/stm32u5xx_it.o
                0x00000000080a3810                GPDMA1_Channel12_IRQHandler
 .text.DCMI_PSSI_IRQHandler
                0x00000000080a3824       0x14 ./Core/Src/stm32u5xx_it.o
                0x00000000080a3824                DCMI_PSSI_IRQHandler
 .text._read    0x00000000080a3838       0x3a ./Core/Src/syscalls.o
                0x00000000080a3838                _read
 .text._write   0x00000000080a3872       0x38 ./Core/Src/syscalls.o
                0x00000000080a3872                _write
 .text._close   0x00000000080a38aa       0x18 ./Core/Src/syscalls.o
                0x00000000080a38aa                _close
 .text._fstat   0x00000000080a38c2       0x20 ./Core/Src/syscalls.o
                0x00000000080a38c2                _fstat
 .text._isatty  0x00000000080a38e2       0x16 ./Core/Src/syscalls.o
                0x00000000080a38e2                _isatty
 .text._lseek   0x00000000080a38f8       0x1a ./Core/Src/syscalls.o
                0x00000000080a38f8                _lseek
 *fill*         0x00000000080a3912        0x2 
 .text._sbrk    0x00000000080a3914       0x6c ./Core/Src/sysmem.o
                0x00000000080a3914                _sbrk
 .text.SystemInit
                0x00000000080a3980       0x70 ./Core/Src/system_stm32u5xx.o
                0x00000000080a3980                SystemInit
 .text.MX_USART1_UART_Init
                0x00000000080a39f0       0x98 ./Core/Src/usart.o
                0x00000000080a39f0                MX_USART1_UART_Init
 .text.HAL_UART_MspInit
                0x00000000080a3a88       0xe0 ./Core/Src/usart.o
                0x00000000080a3a88                HAL_UART_MspInit
 .text.Reset_Handler
                0x00000000080a3b68       0x50 ./Core/Startup/startup_stm32u585aiixq.o
                0x00000000080a3b68                Reset_Handler
 .text.Default_Handler
                0x00000000080a3bb8        0x2 ./Core/Startup/startup_stm32u585aiixq.o
                0x00000000080a3bb8                HASH_IRQHandler
                0x00000000080a3bb8                TIM8_TRG_COM_IRQHandler
                0x00000000080a3bb8                TIM8_CC_IRQHandler
                0x00000000080a3bb8                EXTI5_IRQHandler
                0x00000000080a3bb8                FLASH_S_IRQHandler
                0x00000000080a3bb8                EXTI13_IRQHandler
                0x00000000080a3bb8                TIM1_CC_IRQHandler
                0x00000000080a3bb8                TSC_IRQHandler
                0x00000000080a3bb8                TAMP_IRQHandler
                0x00000000080a3bb8                TIM6_IRQHandler
                0x00000000080a3bb8                EXTI12_IRQHandler
                0x00000000080a3bb8                CORDIC_IRQHandler
                0x00000000080a3bb8                EXTI3_IRQHandler
                0x00000000080a3bb8                LPTIM4_IRQHandler
                0x00000000080a3bb8                GPDMA1_Channel5_IRQHandler
                0x00000000080a3bb8                EXTI8_IRQHandler
                0x00000000080a3bb8                LPTIM2_IRQHandler
                0x00000000080a3bb8                I2C3_ER_IRQHandler
                0x00000000080a3bb8                PWR_S3WU_IRQHandler
                0x00000000080a3bb8                MDF1_FLT2_IRQHandler
                0x00000000080a3bb8                LPDMA1_Channel3_IRQHandler
                0x00000000080a3bb8                LPTIM3_IRQHandler
                0x00000000080a3bb8                EXTI0_IRQHandler
                0x00000000080a3bb8                I2C2_EV_IRQHandler
                0x00000000080a3bb8                FPU_IRQHandler
                0x00000000080a3bb8                GPDMA1_Channel3_IRQHandler
                0x00000000080a3bb8                GPDMA1_Channel7_IRQHandler
                0x00000000080a3bb8                MDF1_FLT4_IRQHandler
                0x00000000080a3bb8                FDCAN1_IT1_IRQHandler
                0x00000000080a3bb8                RAMCFG_IRQHandler
                0x00000000080a3bb8                GPDMA1_Channel9_IRQHandler
                0x00000000080a3bb8                DCACHE1_IRQHandler
                0x00000000080a3bb8                SPI1_IRQHandler
                0x00000000080a3bb8                OCTOSPI1_IRQHandler
                0x00000000080a3bb8                GPDMA1_Channel2_IRQHandler
                0x00000000080a3bb8                TIM8_UP_IRQHandler
                0x00000000080a3bb8                RCC_S_IRQHandler
                0x00000000080a3bb8                OCTOSPI2_IRQHandler
                0x00000000080a3bb8                SAI2_IRQHandler
                0x00000000080a3bb8                MDF1_FLT1_IRQHandler
                0x00000000080a3bb8                ADC1_IRQHandler
                0x00000000080a3bb8                PKA_IRQHandler
                0x00000000080a3bb8                MDF1_FLT5_IRQHandler
                0x00000000080a3bb8                EXTI15_IRQHandler
                0x00000000080a3bb8                TIM17_IRQHandler
                0x00000000080a3bb8                USART3_IRQHandler
                0x00000000080a3bb8                RTC_IRQHandler
                0x00000000080a3bb8                EXTI9_IRQHandler
                0x00000000080a3bb8                UART5_IRQHandler
                0x00000000080a3bb8                TIM4_IRQHandler
                0x00000000080a3bb8                I2C1_EV_IRQHandler
                0x00000000080a3bb8                GPDMA1_Channel1_IRQHandler
                0x00000000080a3bb8                TIM16_IRQHandler
                0x00000000080a3bb8                GPDMA1_Channel15_IRQHandler
                0x00000000080a3bb8                UART4_IRQHandler
                0x00000000080a3bb8                SecureFault_Handler
                0x00000000080a3bb8                TIM3_IRQHandler
                0x00000000080a3bb8                RCC_IRQHandler
                0x00000000080a3bb8                TIM1_TRG_COM_IRQHandler
                0x00000000080a3bb8                Default_Handler
                0x00000000080a3bb8                GPDMA1_Channel8_IRQHandler
                0x00000000080a3bb8                FMAC_IRQHandler
                0x00000000080a3bb8                OTFDEC1_IRQHandler
                0x00000000080a3bb8                GPDMA1_Channel11_IRQHandler
                0x00000000080a3bb8                TIM7_IRQHandler
                0x00000000080a3bb8                SDMMC1_IRQHandler
                0x00000000080a3bb8                SAES_IRQHandler
                0x00000000080a3bb8                TIM5_IRQHandler
                0x00000000080a3bb8                UCPD1_IRQHandler
                0x00000000080a3bb8                GPDMA1_Channel0_IRQHandler
                0x00000000080a3bb8                TIM15_IRQHandler
                0x00000000080a3bb8                I2C3_EV_IRQHandler
                0x00000000080a3bb8                LPDMA1_Channel0_IRQHandler
                0x00000000080a3bb8                PVD_PVM_IRQHandler
                0x00000000080a3bb8                SPI2_IRQHandler
                0x00000000080a3bb8                LPDMA1_Channel1_IRQHandler
                0x00000000080a3bb8                EXTI14_IRQHandler
                0x00000000080a3bb8                EXTI11_IRQHandler
                0x00000000080a3bb8                OTFDEC2_IRQHandler
                0x00000000080a3bb8                CRS_IRQHandler
                0x00000000080a3bb8                GPDMA1_Channel14_IRQHandler
                0x00000000080a3bb8                LSECSSD_IRQHandler
                0x00000000080a3bb8                EXTI4_IRQHandler
                0x00000000080a3bb8                RTC_S_IRQHandler
                0x00000000080a3bb8                GPDMA1_Channel13_IRQHandler
                0x00000000080a3bb8                RNG_IRQHandler
                0x00000000080a3bb8                COMP_IRQHandler
                0x00000000080a3bb8                TIM1_UP_IRQHandler
                0x00000000080a3bb8                ADC4_IRQHandler
                0x00000000080a3bb8                WWDG_IRQHandler
                0x00000000080a3bb8                I2C4_EV_IRQHandler
                0x00000000080a3bb8                ADF1_IRQHandler
                0x00000000080a3bb8                IWDG_IRQHandler
                0x00000000080a3bb8                LPUART1_IRQHandler
                0x00000000080a3bb8                MDF1_FLT0_IRQHandler
                0x00000000080a3bb8                FDCAN1_IT0_IRQHandler
                0x00000000080a3bb8                TIM2_IRQHandler
                0x00000000080a3bb8                GPDMA1_Channel4_IRQHandler
                0x00000000080a3bb8                EXTI7_IRQHandler
                0x00000000080a3bb8                DMA2D_IRQHandler
                0x00000000080a3bb8                TIM1_BRK_IRQHandler
                0x00000000080a3bb8                EXTI1_IRQHandler
                0x00000000080a3bb8                SDMMC2_IRQHandler
                0x00000000080a3bb8                AES_IRQHandler
                0x00000000080a3bb8                DAC1_IRQHandler
                0x00000000080a3bb8                GTZC_IRQHandler
                0x00000000080a3bb8                MDF1_FLT3_IRQHandler
                0x00000000080a3bb8                USART2_IRQHandler
                0x00000000080a3bb8                GPDMA1_Channel6_IRQHandler
                0x00000000080a3bb8                I2C2_ER_IRQHandler
                0x00000000080a3bb8                TIM8_BRK_IRQHandler
                0x00000000080a3bb8                FLASH_IRQHandler
                0x00000000080a3bb8                EXTI10_IRQHandler
                0x00000000080a3bb8                OTG_FS_IRQHandler
                0x00000000080a3bb8                SPI3_IRQHandler
                0x00000000080a3bb8                LPDMA1_Channel2_IRQHandler
                0x00000000080a3bb8                I2C1_ER_IRQHandler
                0x00000000080a3bb8                FMC_IRQHandler
                0x00000000080a3bb8                EXTI6_IRQHandler
                0x00000000080a3bb8                LPTIM1_IRQHandler
                0x00000000080a3bb8                I2C4_ER_IRQHandler
                0x00000000080a3bb8                GPDMA1_Channel10_IRQHandler
                0x00000000080a3bb8                ICACHE_IRQHandler
                0x00000000080a3bb8                SAI1_IRQHandler
                0x00000000080a3bb8                EXTI2_IRQHandler
 *fill*         0x00000000080a3bba        0x2 
 .text.BSP_I2C1_Init
                0x00000000080a3bbc       0x4c ./Drivers/BSP/B-U585I-IOT02A/b_u585i_iot02a_bus.o
                0x00000000080a3bbc                BSP_I2C1_Init
 .text.BSP_I2C1_DeInit
                0x00000000080a3c08       0x44 ./Drivers/BSP/B-U585I-IOT02A/b_u585i_iot02a_bus.o
                0x00000000080a3c08                BSP_I2C1_DeInit
 .text.BSP_I2C1_WriteReg16
                0x00000000080a3c4c       0x60 ./Drivers/BSP/B-U585I-IOT02A/b_u585i_iot02a_bus.o
                0x00000000080a3c4c                BSP_I2C1_WriteReg16
 .text.BSP_I2C1_ReadReg16
                0x00000000080a3cac       0x60 ./Drivers/BSP/B-U585I-IOT02A/b_u585i_iot02a_bus.o
                0x00000000080a3cac                BSP_I2C1_ReadReg16
 .text.BSP_GetTick
                0x00000000080a3d0c        0xe ./Drivers/BSP/B-U585I-IOT02A/b_u585i_iot02a_bus.o
                0x00000000080a3d0c                BSP_GetTick
 *fill*         0x00000000080a3d1a        0x2 
 .text.I2C1_WriteReg
                0x00000000080a3d1c       0x4c ./Drivers/BSP/B-U585I-IOT02A/b_u585i_iot02a_bus.o
 .text.I2C1_ReadReg
                0x00000000080a3d68       0x4c ./Drivers/BSP/B-U585I-IOT02A/b_u585i_iot02a_bus.o
 .text.BSP_CAMERA_Init
                0x00000000080a3db4       0xa4 ./Drivers/BSP/B-U585I-IOT02A/b_u585i_iot02a_camera.o
                0x00000000080a3db4                BSP_CAMERA_Init
 .text.BSP_CAMERA_Start
                0x00000000080a3e58       0x78 ./Drivers/BSP/B-U585I-IOT02A/b_u585i_iot02a_camera.o
                0x00000000080a3e58                BSP_CAMERA_Start
 .text.BSP_CAMERA_HwReset
                0x00000000080a3ed0       0x64 ./Drivers/BSP/B-U585I-IOT02A/b_u585i_iot02a_camera.o
                0x00000000080a3ed0                BSP_CAMERA_HwReset
 .text.BSP_CAMERA_LineEventCallback
                0x00000000080a3f34       0x14 ./Drivers/BSP/B-U585I-IOT02A/b_u585i_iot02a_camera.o
                0x00000000080a3f34                BSP_CAMERA_LineEventCallback
 .text.BSP_CAMERA_VsyncEventCallback
                0x00000000080a3f48       0x14 ./Drivers/BSP/B-U585I-IOT02A/b_u585i_iot02a_camera.o
                0x00000000080a3f48                BSP_CAMERA_VsyncEventCallback
 .text.BSP_CAMERA_ErrorCallback
                0x00000000080a3f5c       0x14 ./Drivers/BSP/B-U585I-IOT02A/b_u585i_iot02a_camera.o
                0x00000000080a3f5c                BSP_CAMERA_ErrorCallback
 .text.HAL_DCMI_LineEventCallback
                0x00000000080a3f70       0x16 ./Drivers/BSP/B-U585I-IOT02A/b_u585i_iot02a_camera.o
                0x00000000080a3f70                HAL_DCMI_LineEventCallback
 .text.HAL_DCMI_FrameEventCallback
                0x00000000080a3f86       0x16 ./Drivers/BSP/B-U585I-IOT02A/b_u585i_iot02a_camera.o
                0x00000000080a3f86                HAL_DCMI_FrameEventCallback
 .text.HAL_DCMI_VsyncEventCallback
                0x00000000080a3f9c       0x16 ./Drivers/BSP/B-U585I-IOT02A/b_u585i_iot02a_camera.o
                0x00000000080a3f9c                HAL_DCMI_VsyncEventCallback
 .text.HAL_DCMI_ErrorCallback
                0x00000000080a3fb2       0x16 ./Drivers/BSP/B-U585I-IOT02A/b_u585i_iot02a_camera.o
                0x00000000080a3fb2                HAL_DCMI_ErrorCallback
 .text.GetSize  0x00000000080a3fc8       0xa4 ./Drivers/BSP/B-U585I-IOT02A/b_u585i_iot02a_camera.o
 .text.OV5640_Probe
                0x00000000080a406c      0x104 ./Drivers/BSP/B-U585I-IOT02A/b_u585i_iot02a_camera.o
 .text.OV5640_RegisterBusIO
                0x00000000080a4170       0x84 ./Drivers/BSP/Components/ov5640/ov5640.o
                0x00000000080a4170                OV5640_RegisterBusIO
 .text.OV5640_Init
                0x00000000080a41f4       0xf4 ./Drivers/BSP/Components/ov5640/ov5640.o
                0x00000000080a41f4                OV5640_Init
 .text.OV5640_DeInit
                0x00000000080a42e8       0x28 ./Drivers/BSP/Components/ov5640/ov5640.o
                0x00000000080a42e8                OV5640_DeInit
 .text.OV5640_SetPixelFormat
                0x00000000080a4310      0x328 ./Drivers/BSP/Components/ov5640/ov5640.o
                0x00000000080a4310                OV5640_SetPixelFormat
 .text.OV5640_GetPixelFormat
                0x00000000080a4638       0x1a ./Drivers/BSP/Components/ov5640/ov5640.o
                0x00000000080a4638                OV5640_GetPixelFormat
 *fill*         0x00000000080a4652        0x2 
 .text.OV5640_SetResolution
                0x00000000080a4654      0x1ec ./Drivers/BSP/Components/ov5640/ov5640.o
                0x00000000080a4654                OV5640_SetResolution
 .text.OV5640_GetResolution
                0x00000000080a4840      0x14c ./Drivers/BSP/Components/ov5640/ov5640.o
                0x00000000080a4840                OV5640_GetResolution
 .text.OV5640_SetPolarities
                0x00000000080a498c       0x8c ./Drivers/BSP/Components/ov5640/ov5640.o
                0x00000000080a498c                OV5640_SetPolarities
 .text.OV5640_ReadID
                0x00000000080a4a18       0xa6 ./Drivers/BSP/Components/ov5640/ov5640.o
                0x00000000080a4a18                OV5640_ReadID
 .text.OV5640_GetCapabilities
                0x00000000080a4abe       0x66 ./Drivers/BSP/Components/ov5640/ov5640.o
                0x00000000080a4abe                OV5640_GetCapabilities
 .text.OV5640_SetLightMode
                0x00000000080a4b24      0x260 ./Drivers/BSP/Components/ov5640/ov5640.o
                0x00000000080a4b24                OV5640_SetLightMode
 .text.OV5640_SetColorEffect
                0x00000000080a4d84      0x400 ./Drivers/BSP/Components/ov5640/ov5640.o
                0x00000000080a4d84                OV5640_SetColorEffect
 .text.OV5640_SetBrightness
                0x00000000080a5184       0xe0 ./Drivers/BSP/Components/ov5640/ov5640.o
                0x00000000080a5184                OV5640_SetBrightness
 .text.OV5640_SetSaturation
                0x00000000080a5264       0xd0 ./Drivers/BSP/Components/ov5640/ov5640.o
                0x00000000080a5264                OV5640_SetSaturation
 .text.OV5640_SetContrast
                0x00000000080a5334       0xd0 ./Drivers/BSP/Components/ov5640/ov5640.o
                0x00000000080a5334                OV5640_SetContrast
 .text.OV5640_SetHueDegree
                0x00000000080a5404      0x108 ./Drivers/BSP/Components/ov5640/ov5640.o
                0x00000000080a5404                OV5640_SetHueDegree
 .text.OV5640_MirrorFlipConfig
                0x00000000080a550c      0x1d2 ./Drivers/BSP/Components/ov5640/ov5640.o
                0x00000000080a550c                OV5640_MirrorFlipConfig
 .text.OV5640_ZoomConfig
                0x00000000080a56de       0xd0 ./Drivers/BSP/Components/ov5640/ov5640.o
                0x00000000080a56de                OV5640_ZoomConfig
 .text.OV5640_NightModeConfig
                0x00000000080a57ae      0x20c ./Drivers/BSP/Components/ov5640/ov5640.o
                0x00000000080a57ae                OV5640_NightModeConfig
 .text.OV5640_Delay
                0x00000000080a59ba       0x34 ./Drivers/BSP/Components/ov5640/ov5640.o
 .text.OV5640_ReadRegWrap
                0x00000000080a59ee       0x32 ./Drivers/BSP/Components/ov5640/ov5640.o
 .text.OV5640_WriteRegWrap
                0x00000000080a5a20       0x32 ./Drivers/BSP/Components/ov5640/ov5640.o
 .text.ov5640_read_reg
                0x00000000080a5a52       0x2e ./Drivers/BSP/Components/ov5640/ov5640_reg.o
                0x00000000080a5a52                ov5640_read_reg
 .text.ov5640_write_reg
                0x00000000080a5a80       0x2e ./Drivers/BSP/Components/ov5640/ov5640_reg.o
                0x00000000080a5a80                ov5640_write_reg
 *fill*         0x00000000080a5aae        0x2 
 .text.HAL_Init
                0x00000000080a5ab0       0x5c ./Drivers/STM32U5xx_HAL_Driver/Src/stm32u5xx_hal.o
                0x00000000080a5ab0                HAL_Init
 .text.HAL_InitTick
                0x00000000080a5b0c       0x6c ./Drivers/STM32U5xx_HAL_Driver/Src/stm32u5xx_hal.o
                0x00000000080a5b0c                HAL_InitTick
 .text.HAL_IncTick
                0x00000000080a5b78       0x28 ./Drivers/STM32U5xx_HAL_Driver/Src/stm32u5xx_hal.o
                0x00000000080a5b78                HAL_IncTick
 .text.HAL_GetTick
                0x00000000080a5ba0       0x18 ./Drivers/STM32U5xx_HAL_Driver/Src/stm32u5xx_hal.o
                0x00000000080a5ba0                HAL_GetTick
 .text.HAL_Delay
                0x00000000080a5bb8       0x48 ./Drivers/STM32U5xx_HAL_Driver/Src/stm32u5xx_hal.o
                0x00000000080a5bb8                HAL_Delay
 .text.__NVIC_SetPriorityGrouping
                0x00000000080a5c00       0x48 ./Drivers/STM32U5xx_HAL_Driver/Src/stm32u5xx_hal_cortex.o
 .text.__NVIC_GetPriorityGrouping
                0x00000000080a5c48       0x1c ./Drivers/STM32U5xx_HAL_Driver/Src/stm32u5xx_hal_cortex.o
 .text.__NVIC_EnableIRQ
                0x00000000080a5c64       0x3c ./Drivers/STM32U5xx_HAL_Driver/Src/stm32u5xx_hal_cortex.o
 .text.__NVIC_SetPriority
                0x00000000080a5ca0       0x54 ./Drivers/STM32U5xx_HAL_Driver/Src/stm32u5xx_hal_cortex.o
 .text.NVIC_EncodePriority
                0x00000000080a5cf4       0x66 ./Drivers/STM32U5xx_HAL_Driver/Src/stm32u5xx_hal_cortex.o
 *fill*         0x00000000080a5d5a        0x2 
 .text.SysTick_Config
                0x00000000080a5d5c       0x44 ./Drivers/STM32U5xx_HAL_Driver/Src/stm32u5xx_hal_cortex.o
 .text.HAL_NVIC_SetPriorityGrouping
                0x00000000080a5da0       0x16 ./Drivers/STM32U5xx_HAL_Driver/Src/stm32u5xx_hal_cortex.o
                0x00000000080a5da0                HAL_NVIC_SetPriorityGrouping
 .text.HAL_NVIC_SetPriority
                0x00000000080a5db6       0x34 ./Drivers/STM32U5xx_HAL_Driver/Src/stm32u5xx_hal_cortex.o
                0x00000000080a5db6                HAL_NVIC_SetPriority
 .text.HAL_NVIC_EnableIRQ
                0x00000000080a5dea       0x1c ./Drivers/STM32U5xx_HAL_Driver/Src/stm32u5xx_hal_cortex.o
                0x00000000080a5dea                HAL_NVIC_EnableIRQ
 .text.HAL_SYSTICK_Config
                0x00000000080a5e06       0x18 ./Drivers/STM32U5xx_HAL_Driver/Src/stm32u5xx_hal_cortex.o
                0x00000000080a5e06                HAL_SYSTICK_Config
 *fill*         0x00000000080a5e1e        0x2 
 .text.HAL_DCMI_Init
                0x00000000080a5e20       0xf4 ./Drivers/STM32U5xx_HAL_Driver/Src/stm32u5xx_hal_dcmi.o
                0x00000000080a5e20                HAL_DCMI_Init
 .text.HAL_DCMI_Start_DMA
                0x00000000080a5f14      0x344 ./Drivers/STM32U5xx_HAL_Driver/Src/stm32u5xx_hal_dcmi.o
                0x00000000080a5f14                HAL_DCMI_Start_DMA
 .text.HAL_DCMI_IRQHandler
                0x00000000080a6258      0x124 ./Drivers/STM32U5xx_HAL_Driver/Src/stm32u5xx_hal_dcmi.o
                0x00000000080a6258                HAL_DCMI_IRQHandler
 .text.DCMI_DMAXferCplt
                0x00000000080a637c      0x10c ./Drivers/STM32U5xx_HAL_Driver/Src/stm32u5xx_hal_dcmi.o
 .text.DCMI_DMAError
                0x00000000080a6488       0x3a ./Drivers/STM32U5xx_HAL_Driver/Src/stm32u5xx_hal_dcmi.o
 .text.HAL_DMA_Start_IT
                0x00000000080a64c2       0xc0 ./Drivers/STM32U5xx_HAL_Driver/Src/stm32u5xx_hal_dma.o
                0x00000000080a64c2                HAL_DMA_Start_IT
 .text.HAL_DMA_Abort
                0x00000000080a6582       0xf8 ./Drivers/STM32U5xx_HAL_Driver/Src/stm32u5xx_hal_dma.o
                0x00000000080a6582                HAL_DMA_Abort
 .text.HAL_DMA_Abort_IT
                0x00000000080a667a       0x52 ./Drivers/STM32U5xx_HAL_Driver/Src/stm32u5xx_hal_dma.o
                0x00000000080a667a                HAL_DMA_Abort_IT
 .text.HAL_DMA_IRQHandler
                0x00000000080a66cc      0x2f8 ./Drivers/STM32U5xx_HAL_Driver/Src/stm32u5xx_hal_dma.o
                0x00000000080a66cc                HAL_DMA_IRQHandler
 .text.HAL_DMA_ConfigChannelAttributes
                0x00000000080a69c4       0x78 ./Drivers/STM32U5xx_HAL_Driver/Src/stm32u5xx_hal_dma.o
                0x00000000080a69c4                HAL_DMA_ConfigChannelAttributes
 .text.DMA_SetConfig
                0x00000000080a6a3c       0x4a ./Drivers/STM32U5xx_HAL_Driver/Src/stm32u5xx_hal_dma.o
 *fill*         0x00000000080a6a86        0x2 
 .text.HAL_DMAEx_List_Init
                0x00000000080a6a88      0x258 ./Drivers/STM32U5xx_HAL_Driver/Src/stm32u5xx_hal_dma_ex.o
                0x00000000080a6a88                HAL_DMAEx_List_Init
 .text.HAL_DMAEx_List_Start_IT
                0x00000000080a6ce0      0x128 ./Drivers/STM32U5xx_HAL_Driver/Src/stm32u5xx_hal_dma_ex.o
                0x00000000080a6ce0                HAL_DMAEx_List_Start_IT
 .text.HAL_DMAEx_List_BuildNode
                0x00000000080a6e08       0x2c ./Drivers/STM32U5xx_HAL_Driver/Src/stm32u5xx_hal_dma_ex.o
                0x00000000080a6e08                HAL_DMAEx_List_BuildNode
 .text.HAL_DMAEx_List_InsertNode_Tail
                0x00000000080a6e34       0xf0 ./Drivers/STM32U5xx_HAL_Driver/Src/stm32u5xx_hal_dma_ex.o
                0x00000000080a6e34                HAL_DMAEx_List_InsertNode_Tail
 .text.HAL_DMAEx_List_SetCircularModeConfig
                0x00000000080a6f24       0xdc ./Drivers/STM32U5xx_HAL_Driver/Src/stm32u5xx_hal_dma_ex.o
                0x00000000080a6f24                HAL_DMAEx_List_SetCircularModeConfig
 .text.HAL_DMAEx_List_LinkQ
                0x00000000080a7000      0x12c ./Drivers/STM32U5xx_HAL_Driver/Src/stm32u5xx_hal_dma_ex.o
                0x00000000080a7000                HAL_DMAEx_List_LinkQ
 .text.DMA_List_Init
                0x00000000080a712c      0x2b0 ./Drivers/STM32U5xx_HAL_Driver/Src/stm32u5xx_hal_dma_ex.o
 .text.DMA_List_BuildNode
                0x00000000080a73dc      0x2a4 ./Drivers/STM32U5xx_HAL_Driver/Src/stm32u5xx_hal_dma_ex.o
 .text.DMA_List_CheckNodesBaseAddresses
                0x00000000080a7680       0x60 ./Drivers/STM32U5xx_HAL_Driver/Src/stm32u5xx_hal_dma_ex.o
 .text.DMA_List_CheckNodesTypes
                0x00000000080a76e0       0x78 ./Drivers/STM32U5xx_HAL_Driver/Src/stm32u5xx_hal_dma_ex.o
 .text.DMA_List_GetCLLRNodeInfo
                0x00000000080a7758       0x60 ./Drivers/STM32U5xx_HAL_Driver/Src/stm32u5xx_hal_dma_ex.o
 .text.DMA_List_FindNode
                0x00000000080a77b8      0x13e ./Drivers/STM32U5xx_HAL_Driver/Src/stm32u5xx_hal_dma_ex.o
 *fill*         0x00000000080a78f6        0x2 
 .text.HAL_GPIO_Init
                0x00000000080a78f8      0x3b0 ./Drivers/STM32U5xx_HAL_Driver/Src/stm32u5xx_hal_gpio.o
                0x00000000080a78f8                HAL_GPIO_Init
 .text.HAL_GPIO_DeInit
                0x00000000080a7ca8      0x1bc ./Drivers/STM32U5xx_HAL_Driver/Src/stm32u5xx_hal_gpio.o
                0x00000000080a7ca8                HAL_GPIO_DeInit
 .text.HAL_GPIO_ReadPin
                0x00000000080a7e64       0x30 ./Drivers/STM32U5xx_HAL_Driver/Src/stm32u5xx_hal_gpio.o
                0x00000000080a7e64                HAL_GPIO_ReadPin
 .text.HAL_GPIO_WritePin
                0x00000000080a7e94       0x30 ./Drivers/STM32U5xx_HAL_Driver/Src/stm32u5xx_hal_gpio.o
                0x00000000080a7e94                HAL_GPIO_WritePin
 .text.HAL_I2C_Init
                0x00000000080a7ec4      0x136 ./Drivers/STM32U5xx_HAL_Driver/Src/stm32u5xx_hal_i2c.o
                0x00000000080a7ec4                HAL_I2C_Init
 .text.HAL_I2C_DeInit
                0x00000000080a7ffa       0x5e ./Drivers/STM32U5xx_HAL_Driver/Src/stm32u5xx_hal_i2c.o
                0x00000000080a7ffa                HAL_I2C_DeInit
 .text.HAL_I2C_Mem_Write
                0x00000000080a8058      0x228 ./Drivers/STM32U5xx_HAL_Driver/Src/stm32u5xx_hal_i2c.o
                0x00000000080a8058                HAL_I2C_Mem_Write
 .text.HAL_I2C_Mem_Read
                0x00000000080a8280      0x234 ./Drivers/STM32U5xx_HAL_Driver/Src/stm32u5xx_hal_i2c.o
                0x00000000080a8280                HAL_I2C_Mem_Read
 .text.HAL_I2C_GetState
                0x00000000080a84b4       0x1c ./Drivers/STM32U5xx_HAL_Driver/Src/stm32u5xx_hal_i2c.o
                0x00000000080a84b4                HAL_I2C_GetState
 .text.HAL_I2C_GetError
                0x00000000080a84d0       0x18 ./Drivers/STM32U5xx_HAL_Driver/Src/stm32u5xx_hal_i2c.o
                0x00000000080a84d0                HAL_I2C_GetError
 .text.I2C_RequestMemoryWrite
                0x00000000080a84e8       0xa8 ./Drivers/STM32U5xx_HAL_Driver/Src/stm32u5xx_hal_i2c.o
 .text.I2C_RequestMemoryRead
                0x00000000080a8590       0xa8 ./Drivers/STM32U5xx_HAL_Driver/Src/stm32u5xx_hal_i2c.o
 .text.I2C_Flush_TXDR
                0x00000000080a8638       0x48 ./Drivers/STM32U5xx_HAL_Driver/Src/stm32u5xx_hal_i2c.o
 .text.I2C_WaitOnFlagUntilTimeout
                0x00000000080a8680       0x9e ./Drivers/STM32U5xx_HAL_Driver/Src/stm32u5xx_hal_i2c.o
 .text.I2C_WaitOnTXISFlagUntilTimeout
                0x00000000080a871e       0x8e ./Drivers/STM32U5xx_HAL_Driver/Src/stm32u5xx_hal_i2c.o
 .text.I2C_WaitOnSTOPFlagUntilTimeout
                0x00000000080a87ac       0x86 ./Drivers/STM32U5xx_HAL_Driver/Src/stm32u5xx_hal_i2c.o
 *fill*         0x00000000080a8832        0x2 
 .text.I2C_IsErrorOccurred
                0x00000000080a8834      0x1c0 ./Drivers/STM32U5xx_HAL_Driver/Src/stm32u5xx_hal_i2c.o
 .text.I2C_TransferConfig
                0x00000000080a89f4       0x64 ./Drivers/STM32U5xx_HAL_Driver/Src/stm32u5xx_hal_i2c.o
 .text.HAL_I2CEx_ConfigAnalogFilter
                0x00000000080a8a58       0x96 ./Drivers/STM32U5xx_HAL_Driver/Src/stm32u5xx_hal_i2c_ex.o
                0x00000000080a8a58                HAL_I2CEx_ConfigAnalogFilter
 .text.HAL_I2CEx_ConfigDigitalFilter
                0x00000000080a8aee       0x98 ./Drivers/STM32U5xx_HAL_Driver/Src/stm32u5xx_hal_i2c_ex.o
                0x00000000080a8aee                HAL_I2CEx_ConfigDigitalFilter
 *fill*         0x00000000080a8b86        0x2 
 .text.HAL_ICACHE_ConfigAssociativityMode
                0x00000000080a8b88       0x40 ./Drivers/STM32U5xx_HAL_Driver/Src/stm32u5xx_hal_icache.o
                0x00000000080a8b88                HAL_ICACHE_ConfigAssociativityMode
 .text.HAL_ICACHE_Enable
                0x00000000080a8bc8       0x20 ./Drivers/STM32U5xx_HAL_Driver/Src/stm32u5xx_hal_icache.o
                0x00000000080a8bc8                HAL_ICACHE_Enable
 .text.HAL_PWREx_ControlVoltageScaling
                0x00000000080a8be8       0xfc ./Drivers/STM32U5xx_HAL_Driver/Src/stm32u5xx_hal_pwr_ex.o
                0x00000000080a8be8                HAL_PWREx_ControlVoltageScaling
 .text.HAL_PWREx_GetVoltageRange
                0x00000000080a8ce4       0x1c ./Drivers/STM32U5xx_HAL_Driver/Src/stm32u5xx_hal_pwr_ex.o
                0x00000000080a8ce4                HAL_PWREx_GetVoltageRange
 .text.HAL_PWREx_ConfigSupply
                0x00000000080a8d00       0xa0 ./Drivers/STM32U5xx_HAL_Driver/Src/stm32u5xx_hal_pwr_ex.o
                0x00000000080a8d00                HAL_PWREx_ConfigSupply
 .text.HAL_PWREx_EnableVddIO2
                0x00000000080a8da0       0x20 ./Drivers/STM32U5xx_HAL_Driver/Src/stm32u5xx_hal_pwr_ex.o
                0x00000000080a8da0                HAL_PWREx_EnableVddIO2
 .text.HAL_RCC_OscConfig
                0x00000000080a8dc0      0xdb8 ./Drivers/STM32U5xx_HAL_Driver/Src/stm32u5xx_hal_rcc.o
                0x00000000080a8dc0                HAL_RCC_OscConfig
 .text.HAL_RCC_ClockConfig
                0x00000000080a9b78      0x3e4 ./Drivers/STM32U5xx_HAL_Driver/Src/stm32u5xx_hal_rcc.o
                0x00000000080a9b78                HAL_RCC_ClockConfig
 .text.HAL_RCC_GetSysClockFreq
                0x00000000080a9f5c      0x204 ./Drivers/STM32U5xx_HAL_Driver/Src/stm32u5xx_hal_rcc.o
                0x00000000080a9f5c                HAL_RCC_GetSysClockFreq
 .text.HAL_RCC_GetHCLKFreq
                0x00000000080aa160       0x34 ./Drivers/STM32U5xx_HAL_Driver/Src/stm32u5xx_hal_rcc.o
                0x00000000080aa160                HAL_RCC_GetHCLKFreq
 .text.HAL_RCC_GetPCLK1Freq
                0x00000000080aa194       0x28 ./Drivers/STM32U5xx_HAL_Driver/Src/stm32u5xx_hal_rcc.o
                0x00000000080aa194                HAL_RCC_GetPCLK1Freq
 .text.HAL_RCC_GetPCLK2Freq
                0x00000000080aa1bc       0x28 ./Drivers/STM32U5xx_HAL_Driver/Src/stm32u5xx_hal_rcc.o
                0x00000000080aa1bc                HAL_RCC_GetPCLK2Freq
 .text.HAL_RCC_GetPCLK3Freq
                0x00000000080aa1e4       0x28 ./Drivers/STM32U5xx_HAL_Driver/Src/stm32u5xx_hal_rcc.o
                0x00000000080aa1e4                HAL_RCC_GetPCLK3Freq
 .text.RCC_SetFlashLatencyFromMSIRange
                0x00000000080aa20c      0x10c ./Drivers/STM32U5xx_HAL_Driver/Src/stm32u5xx_hal_rcc.o
 .text.HAL_RCCEx_PeriphCLKConfig
                0x00000000080aa318      0xb80 ./Drivers/STM32U5xx_HAL_Driver/Src/stm32u5xx_hal_rcc_ex.o
                0x00000000080aa318                HAL_RCCEx_PeriphCLKConfig
 .text.HAL_RCCEx_GetPLL1ClockFreq
                0x00000000080aae98      0x2b4 ./Drivers/STM32U5xx_HAL_Driver/Src/stm32u5xx_hal_rcc_ex.o
                0x00000000080aae98                HAL_RCCEx_GetPLL1ClockFreq
 .text.HAL_RCCEx_GetPLL2ClockFreq
                0x00000000080ab14c      0x2b4 ./Drivers/STM32U5xx_HAL_Driver/Src/stm32u5xx_hal_rcc_ex.o
                0x00000000080ab14c                HAL_RCCEx_GetPLL2ClockFreq
 .text.HAL_RCCEx_GetPLL3ClockFreq
                0x00000000080ab400      0x2b4 ./Drivers/STM32U5xx_HAL_Driver/Src/stm32u5xx_hal_rcc_ex.o
                0x00000000080ab400                HAL_RCCEx_GetPLL3ClockFreq
 .text.HAL_RCCEx_GetPeriphCLKFreq
                0x00000000080ab6b4     0x13c4 ./Drivers/STM32U5xx_HAL_Driver/Src/stm32u5xx_hal_rcc_ex.o
                0x00000000080ab6b4                HAL_RCCEx_GetPeriphCLKFreq
 .text.RCCEx_PLL2_Config
                0x00000000080aca78      0x130 ./Drivers/STM32U5xx_HAL_Driver/Src/stm32u5xx_hal_rcc_ex.o
 .text.RCCEx_PLL3_Config
                0x00000000080acba8      0x130 ./Drivers/STM32U5xx_HAL_Driver/Src/stm32u5xx_hal_rcc_ex.o
 .text.HAL_UART_Init
                0x00000000080accd8       0xa0 ./Drivers/STM32U5xx_HAL_Driver/Src/stm32u5xx_hal_uart.o
                0x00000000080accd8                HAL_UART_Init
 .text.HAL_UART_Transmit
                0x00000000080acd78      0x13c ./Drivers/STM32U5xx_HAL_Driver/Src/stm32u5xx_hal_uart.o
                0x00000000080acd78                HAL_UART_Transmit
 .text.HAL_UART_IRQHandler
                0x00000000080aceb4      0x580 ./Drivers/STM32U5xx_HAL_Driver/Src/stm32u5xx_hal_uart.o
                0x00000000080aceb4                HAL_UART_IRQHandler
 .text.HAL_UART_TxCpltCallback
                0x00000000080ad434       0x14 ./Drivers/STM32U5xx_HAL_Driver/Src/stm32u5xx_hal_uart.o
                0x00000000080ad434                HAL_UART_TxCpltCallback
 .text.HAL_UART_ErrorCallback
                0x00000000080ad448       0x14 ./Drivers/STM32U5xx_HAL_Driver/Src/stm32u5xx_hal_uart.o
                0x00000000080ad448                HAL_UART_ErrorCallback
 .text.HAL_UARTEx_RxEventCallback
                0x00000000080ad45c       0x18 ./Drivers/STM32U5xx_HAL_Driver/Src/stm32u5xx_hal_uart.o
                0x00000000080ad45c                HAL_UARTEx_RxEventCallback
 .text.UART_SetConfig
                0x00000000080ad474      0x344 ./Drivers/STM32U5xx_HAL_Driver/Src/stm32u5xx_hal_uart.o
                0x00000000080ad474                UART_SetConfig
 .text.UART_AdvFeatureConfig
                0x00000000080ad7b8      0x144 ./Drivers/STM32U5xx_HAL_Driver/Src/stm32u5xx_hal_uart.o
                0x00000000080ad7b8                UART_AdvFeatureConfig
 .text.UART_CheckIdleState
                0x00000000080ad8fc      0x154 ./Drivers/STM32U5xx_HAL_Driver/Src/stm32u5xx_hal_uart.o
                0x00000000080ad8fc                UART_CheckIdleState
 .text.UART_WaitOnFlagUntilTimeout
                0x00000000080ada50       0xce ./Drivers/STM32U5xx_HAL_Driver/Src/stm32u5xx_hal_uart.o
                0x00000000080ada50                UART_WaitOnFlagUntilTimeout
 .text.UART_EndRxTransfer
                0x00000000080adb1e       0xcc ./Drivers/STM32U5xx_HAL_Driver/Src/stm32u5xx_hal_uart.o
 .text.UART_DMAAbortOnError
                0x00000000080adbea       0x2c ./Drivers/STM32U5xx_HAL_Driver/Src/stm32u5xx_hal_uart.o
 .text.UART_EndTransmit_IT
                0x00000000080adc16       0x56 ./Drivers/STM32U5xx_HAL_Driver/Src/stm32u5xx_hal_uart.o
 .text.HAL_UARTEx_RxFifoFullCallback
                0x00000000080adc6c       0x14 ./Drivers/STM32U5xx_HAL_Driver/Src/stm32u5xx_hal_uart_ex.o
                0x00000000080adc6c                HAL_UARTEx_RxFifoFullCallback
 .text.HAL_UARTEx_TxFifoEmptyCallback
                0x00000000080adc80       0x14 ./Drivers/STM32U5xx_HAL_Driver/Src/stm32u5xx_hal_uart_ex.o
                0x00000000080adc80                HAL_UARTEx_TxFifoEmptyCallback
 .text.HAL_UARTEx_DisableFifoMode
                0x00000000080adc94       0x72 ./Drivers/STM32U5xx_HAL_Driver/Src/stm32u5xx_hal_uart_ex.o
                0x00000000080adc94                HAL_UARTEx_DisableFifoMode
 .text.HAL_UARTEx_SetTxFifoThreshold
                0x00000000080add06       0x7c ./Drivers/STM32U5xx_HAL_Driver/Src/stm32u5xx_hal_uart_ex.o
                0x00000000080add06                HAL_UARTEx_SetTxFifoThreshold
 .text.HAL_UARTEx_SetRxFifoThreshold
                0x00000000080add82       0x7c ./Drivers/STM32U5xx_HAL_Driver/Src/stm32u5xx_hal_uart_ex.o
                0x00000000080add82                HAL_UARTEx_SetRxFifoThreshold
 *fill*         0x00000000080addfe        0x2 
 .text.UARTEx_SetNbDataToProcess
                0x00000000080ade00       0x9c ./Drivers/STM32U5xx_HAL_Driver/Src/stm32u5xx_hal_uart_ex.o
 .text.malloc   0x00000000080ade9c       0x10 /Applications/STM32CubeIDE.app/Contents/Eclipse/plugins/com.st.stm32cube.ide.mcu.externaltools.gnu-tools-for-stm32.11.3.rel1.macos64_1.1.1.202309131626/tools/bin/../lib/gcc/arm-none-eabi/11.3.1/../../../../arm-none-eabi/lib/thumb/v8-m.main+fp/hard/libc_nano.a(libc_a-malloc.o)
                0x00000000080ade9c                malloc
 .text.free     0x00000000080adeac       0x10 /Applications/STM32CubeIDE.app/Contents/Eclipse/plugins/com.st.stm32cube.ide.mcu.externaltools.gnu-tools-for-stm32.11.3.rel1.macos64_1.1.1.202309131626/tools/bin/../lib/gcc/arm-none-eabi/11.3.1/../../../../arm-none-eabi/lib/thumb/v8-m.main+fp/hard/libc_nano.a(libc_a-malloc.o)
                0x00000000080adeac                free
 .text.sbrk_aligned
                0x00000000080adebc       0x40 /Applications/STM32CubeIDE.app/Contents/Eclipse/plugins/com.st.stm32cube.ide.mcu.externaltools.gnu-tools-for-stm32.11.3.rel1.macos64_1.1.1.202309131626/tools/bin/../lib/gcc/arm-none-eabi/11.3.1/../../../../arm-none-eabi/lib/thumb/v8-m.main+fp/hard/libc_nano.a(libc_a-mallocr.o)
 .text._malloc_r
                0x00000000080adefc      0x100 /Applications/STM32CubeIDE.app/Contents/Eclipse/plugins/com.st.stm32cube.ide.mcu.externaltools.gnu-tools-for-stm32.11.3.rel1.macos64_1.1.1.202309131626/tools/bin/../lib/gcc/arm-none-eabi/11.3.1/../../../../arm-none-eabi/lib/thumb/v8-m.main+fp/hard/libc_nano.a(libc_a-mallocr.o)
                0x00000000080adefc                _malloc_r
 .text.__malloc_lock
                0x00000000080adffc        0xc /Applications/STM32CubeIDE.app/Contents/Eclipse/plugins/com.st.stm32cube.ide.mcu.externaltools.gnu-tools-for-stm32.11.3.rel1.macos64_1.1.1.202309131626/tools/bin/../lib/gcc/arm-none-eabi/11.3.1/../../../../arm-none-eabi/lib/thumb/v8-m.main+fp/hard/libc_nano.a(libc_a-mlock.o)
                0x00000000080adffc                __malloc_lock
 .text.__malloc_unlock
                0x00000000080ae008        0xc /Applications/STM32CubeIDE.app/Contents/Eclipse/plugins/com.st.stm32cube.ide.mcu.externaltools.gnu-tools-for-stm32.11.3.rel1.macos64_1.1.1.202309131626/tools/bin/../lib/gcc/arm-none-eabi/11.3.1/../../../../arm-none-eabi/lib/thumb/v8-m.main+fp/hard/libc_nano.a(libc_a-mlock.o)
                0x00000000080ae008                __malloc_unlock
 .text.std      0x00000000080ae014       0x6c /Applications/STM32CubeIDE.app/Contents/Eclipse/plugins/com.st.stm32cube.ide.mcu.externaltools.gnu-tools-for-stm32.11.3.rel1.macos64_1.1.1.202309131626/tools/bin/../lib/gcc/arm-none-eabi/11.3.1/../../../../arm-none-eabi/lib/thumb/v8-m.main+fp/hard/libc_nano.a(libc_a-findfp.o)
 .text.stdio_exit_handler
                0x00000000080ae080       0x18 /Applications/STM32CubeIDE.app/Contents/Eclipse/plugins/com.st.stm32cube.ide.mcu.externaltools.gnu-tools-for-stm32.11.3.rel1.macos64_1.1.1.202309131626/tools/bin/../lib/gcc/arm-none-eabi/11.3.1/../../../../arm-none-eabi/lib/thumb/v8-m.main+fp/hard/libc_nano.a(libc_a-findfp.o)
 .text.cleanup_stdio
                0x00000000080ae098       0x40 /Applications/STM32CubeIDE.app/Contents/Eclipse/plugins/com.st.stm32cube.ide.mcu.externaltools.gnu-tools-for-stm32.11.3.rel1.macos64_1.1.1.202309131626/tools/bin/../lib/gcc/arm-none-eabi/11.3.1/../../../../arm-none-eabi/lib/thumb/v8-m.main+fp/hard/libc_nano.a(libc_a-findfp.o)
 .text.global_stdio_init.part.0
                0x00000000080ae0d8       0x3c /Applications/STM32CubeIDE.app/Contents/Eclipse/plugins/com.st.stm32cube.ide.mcu.externaltools.gnu-tools-for-stm32.11.3.rel1.macos64_1.1.1.202309131626/tools/bin/../lib/gcc/arm-none-eabi/11.3.1/../../../../arm-none-eabi/lib/thumb/v8-m.main+fp/hard/libc_nano.a(libc_a-findfp.o)
 .text.__sfp_lock_acquire
                0x00000000080ae114        0xc /Applications/STM32CubeIDE.app/Contents/Eclipse/plugins/com.st.stm32cube.ide.mcu.externaltools.gnu-tools-for-stm32.11.3.rel1.macos64_1.1.1.202309131626/tools/bin/../lib/gcc/arm-none-eabi/11.3.1/../../../../arm-none-eabi/lib/thumb/v8-m.main+fp/hard/libc_nano.a(libc_a-findfp.o)
                0x00000000080ae114                __sfp_lock_acquire
 .text.__sfp_lock_release
                0x00000000080ae120        0xc /Applications/STM32CubeIDE.app/Contents/Eclipse/plugins/com.st.stm32cube.ide.mcu.externaltools.gnu-tools-for-stm32.11.3.rel1.macos64_1.1.1.202309131626/tools/bin/../lib/gcc/arm-none-eabi/11.3.1/../../../../arm-none-eabi/lib/thumb/v8-m.main+fp/hard/libc_nano.a(libc_a-findfp.o)
                0x00000000080ae120                __sfp_lock_release
 .text.__sinit  0x00000000080ae12c       0x30 /Applications/STM32CubeIDE.app/Contents/Eclipse/plugins/com.st.stm32cube.ide.mcu.externaltools.gnu-tools-for-stm32.11.3.rel1.macos64_1.1.1.202309131626/tools/bin/../lib/gcc/arm-none-eabi/11.3.1/../../../../arm-none-eabi/lib/thumb/v8-m.main+fp/hard/libc_nano.a(libc_a-findfp.o)
                0x00000000080ae12c                __sinit
 .text._fwalk_sglue
                0x00000000080ae15c       0x3c /Applications/STM32CubeIDE.app/Contents/Eclipse/plugins/com.st.stm32cube.ide.mcu.externaltools.gnu-tools-for-stm32.11.3.rel1.macos64_1.1.1.202309131626/tools/bin/../lib/gcc/arm-none-eabi/11.3.1/../../../../arm-none-eabi/lib/thumb/v8-m.main+fp/hard/libc_nano.a(libc_a-fwalk.o)
                0x00000000080ae15c                _fwalk_sglue
 .text.printf   0x00000000080ae198       0x24 /Applications/STM32CubeIDE.app/Contents/Eclipse/plugins/com.st.stm32cube.ide.mcu.externaltools.gnu-tools-for-stm32.11.3.rel1.macos64_1.1.1.202309131626/tools/bin/../lib/gcc/arm-none-eabi/11.3.1/../../../../arm-none-eabi/lib/thumb/v8-m.main+fp/hard/libc_nano.a(libc_a-printf.o)
                0x00000000080ae198                printf
                0x00000000080ae198                iprintf
 .text.memset   0x00000000080ae1bc       0x10 /Applications/STM32CubeIDE.app/Contents/Eclipse/plugins/com.st.stm32cube.ide.mcu.externaltools.gnu-tools-for-stm32.11.3.rel1.macos64_1.1.1.202309131626/tools/bin/../lib/gcc/arm-none-eabi/11.3.1/../../../../arm-none-eabi/lib/thumb/v8-m.main+fp/hard/libc_nano.a(libc_a-memset.o)
                0x00000000080ae1bc                memset
 .text._sbrk_r  0x00000000080ae1cc       0x20 /Applications/STM32CubeIDE.app/Contents/Eclipse/plugins/com.st.stm32cube.ide.mcu.externaltools.gnu-tools-for-stm32.11.3.rel1.macos64_1.1.1.202309131626/tools/bin/../lib/gcc/arm-none-eabi/11.3.1/../../../../arm-none-eabi/lib/thumb/v8-m.main+fp/hard/libc_nano.a(libc_a-sbrkr.o)
                0x00000000080ae1cc                _sbrk_r
 .text.__errno  0x00000000080ae1ec        0xc /Applications/STM32CubeIDE.app/Contents/Eclipse/plugins/com.st.stm32cube.ide.mcu.externaltools.gnu-tools-for-stm32.11.3.rel1.macos64_1.1.1.202309131626/tools/bin/../lib/gcc/arm-none-eabi/11.3.1/../../../../arm-none-eabi/lib/thumb/v8-m.main+fp/hard/libc_nano.a(libc_a-errno.o)
                0x00000000080ae1ec                __errno
 .text.__libc_init_array
                0x00000000080ae1f8       0x48 /Applications/STM32CubeIDE.app/Contents/Eclipse/plugins/com.st.stm32cube.ide.mcu.externaltools.gnu-tools-for-stm32.11.3.rel1.macos64_1.1.1.202309131626/tools/bin/../lib/gcc/arm-none-eabi/11.3.1/../../../../arm-none-eabi/lib/thumb/v8-m.main+fp/hard/libc_nano.a(libc_a-init.o)
                0x00000000080ae1f8                __libc_init_array
 .text.__retarget_lock_init_recursive
                0x00000000080ae240        0x2 /Applications/STM32CubeIDE.app/Contents/Eclipse/plugins/com.st.stm32cube.ide.mcu.externaltools.gnu-tools-for-stm32.11.3.rel1.macos64_1.1.1.202309131626/tools/bin/../lib/gcc/arm-none-eabi/11.3.1/../../../../arm-none-eabi/lib/thumb/v8-m.main+fp/hard/libc_nano.a(libc_a-lock.o)
                0x00000000080ae240                __retarget_lock_init_recursive
 .text.__retarget_lock_acquire_recursive
                0x00000000080ae242        0x2 /Applications/STM32CubeIDE.app/Contents/Eclipse/plugins/com.st.stm32cube.ide.mcu.externaltools.gnu-tools-for-stm32.11.3.rel1.macos64_1.1.1.202309131626/tools/bin/../lib/gcc/arm-none-eabi/11.3.1/../../../../arm-none-eabi/lib/thumb/v8-m.main+fp/hard/libc_nano.a(libc_a-lock.o)
                0x00000000080ae242                __retarget_lock_acquire_recursive
 .text.__retarget_lock_release_recursive
                0x00000000080ae244        0x2 /Applications/STM32CubeIDE.app/Contents/Eclipse/plugins/com.st.stm32cube.ide.mcu.externaltools.gnu-tools-for-stm32.11.3.rel1.macos64_1.1.1.202309131626/tools/bin/../lib/gcc/arm-none-eabi/11.3.1/../../../../arm-none-eabi/lib/thumb/v8-m.main+fp/hard/libc_nano.a(libc_a-lock.o)
                0x00000000080ae244                __retarget_lock_release_recursive
 *fill*         0x00000000080ae246        0x2 
 .text._free_r  0x00000000080ae248       0x98 /Applications/STM32CubeIDE.app/Contents/Eclipse/plugins/com.st.stm32cube.ide.mcu.externaltools.gnu-tools-for-stm32.11.3.rel1.macos64_1.1.1.202309131626/tools/bin/../lib/gcc/arm-none-eabi/11.3.1/../../../../arm-none-eabi/lib/thumb/v8-m.main+fp/hard/libc_nano.a(libc_a-freer.o)
                0x00000000080ae248                _free_r
 .text.__sfputc_r
                0x00000000080ae2e0       0x2e /Applications/STM32CubeIDE.app/Contents/Eclipse/plugins/com.st.stm32cube.ide.mcu.externaltools.gnu-tools-for-stm32.11.3.rel1.macos64_1.1.1.202309131626/tools/bin/../lib/gcc/arm-none-eabi/11.3.1/../../../../arm-none-eabi/lib/thumb/v8-m.main+fp/hard/libc_nano.a(libc_a-nano-vfprintf.o)
 .text.__sfputs_r
                0x00000000080ae30e       0x24 /Applications/STM32CubeIDE.app/Contents/Eclipse/plugins/com.st.stm32cube.ide.mcu.externaltools.gnu-tools-for-stm32.11.3.rel1.macos64_1.1.1.202309131626/tools/bin/../lib/gcc/arm-none-eabi/11.3.1/../../../../arm-none-eabi/lib/thumb/v8-m.main+fp/hard/libc_nano.a(libc_a-nano-vfprintf.o)
                0x00000000080ae30e                __sfputs_r
 *fill*         0x00000000080ae332        0x2 
 .text._vfprintf_r
                0x00000000080ae334      0x234 /Applications/STM32CubeIDE.app/Contents/Eclipse/plugins/com.st.stm32cube.ide.mcu.externaltools.gnu-tools-for-stm32.11.3.rel1.macos64_1.1.1.202309131626/tools/bin/../lib/gcc/arm-none-eabi/11.3.1/../../../../arm-none-eabi/lib/thumb/v8-m.main+fp/hard/libc_nano.a(libc_a-nano-vfprintf.o)
                0x00000000080ae334                _vfiprintf_r
                0x00000000080ae334                _vfprintf_r
 .text._printf_common
                0x00000000080ae568       0xe4 /Applications/STM32CubeIDE.app/Contents/Eclipse/plugins/com.st.stm32cube.ide.mcu.externaltools.gnu-tools-for-stm32.11.3.rel1.macos64_1.1.1.202309131626/tools/bin/../lib/gcc/arm-none-eabi/11.3.1/../../../../arm-none-eabi/lib/thumb/v8-m.main+fp/hard/libc_nano.a(libc_a-nano-vfprintf_i.o)
                0x00000000080ae568                _printf_common
 .text._printf_i
                0x00000000080ae64c      0x240 /Applications/STM32CubeIDE.app/Contents/Eclipse/plugins/com.st.stm32cube.ide.mcu.externaltools.gnu-tools-for-stm32.11.3.rel1.macos64_1.1.1.202309131626/tools/bin/../lib/gcc/arm-none-eabi/11.3.1/../../../../arm-none-eabi/lib/thumb/v8-m.main+fp/hard/libc_nano.a(libc_a-nano-vfprintf_i.o)
                0x00000000080ae64c                _printf_i
 .text.__sflush_r
                0x00000000080ae88c      0x108 /Applications/STM32CubeIDE.app/Contents/Eclipse/plugins/com.st.stm32cube.ide.mcu.externaltools.gnu-tools-for-stm32.11.3.rel1.macos64_1.1.1.202309131626/tools/bin/../lib/gcc/arm-none-eabi/11.3.1/../../../../arm-none-eabi/lib/thumb/v8-m.main+fp/hard/libc_nano.a(libc_a-fflush.o)
                0x00000000080ae88c                __sflush_r
 .text._fflush_r
                0x00000000080ae994       0x50 /Applications/STM32CubeIDE.app/Contents/Eclipse/plugins/com.st.stm32cube.ide.mcu.externaltools.gnu-tools-for-stm32.11.3.rel1.macos64_1.1.1.202309131626/tools/bin/../lib/gcc/arm-none-eabi/11.3.1/../../../../arm-none-eabi/lib/thumb/v8-m.main+fp/hard/libc_nano.a(libc_a-fflush.o)
                0x00000000080ae994                _fflush_r
 .text.__sread  0x00000000080ae9e4       0x22 /Applications/STM32CubeIDE.app/Contents/Eclipse/plugins/com.st.stm32cube.ide.mcu.externaltools.gnu-tools-for-stm32.11.3.rel1.macos64_1.1.1.202309131626/tools/bin/../lib/gcc/arm-none-eabi/11.3.1/../../../../arm-none-eabi/lib/thumb/v8-m.main+fp/hard/libc_nano.a(libc_a-stdio.o)
                0x00000000080ae9e4                __sread
 .text.__swrite
                0x00000000080aea06       0x38 /Applications/STM32CubeIDE.app/Contents/Eclipse/plugins/com.st.stm32cube.ide.mcu.externaltools.gnu-tools-for-stm32.11.3.rel1.macos64_1.1.1.202309131626/tools/bin/../lib/gcc/arm-none-eabi/11.3.1/../../../../arm-none-eabi/lib/thumb/v8-m.main+fp/hard/libc_nano.a(libc_a-stdio.o)
                0x00000000080aea06                __swrite
 .text.__sseek  0x00000000080aea3e       0x24 /Applications/STM32CubeIDE.app/Contents/Eclipse/plugins/com.st.stm32cube.ide.mcu.externaltools.gnu-tools-for-stm32.11.3.rel1.macos64_1.1.1.202309131626/tools/bin/../lib/gcc/arm-none-eabi/11.3.1/../../../../arm-none-eabi/lib/thumb/v8-m.main+fp/hard/libc_nano.a(libc_a-stdio.o)
                0x00000000080aea3e                __sseek
 .text.__sclose
                0x00000000080aea62        0x8 /Applications/STM32CubeIDE.app/Contents/Eclipse/plugins/com.st.stm32cube.ide.mcu.externaltools.gnu-tools-for-stm32.11.3.rel1.macos64_1.1.1.202309131626/tools/bin/../lib/gcc/arm-none-eabi/11.3.1/../../../../arm-none-eabi/lib/thumb/v8-m.main+fp/hard/libc_nano.a(libc_a-stdio.o)
                0x00000000080aea62                __sclose
 .text.__swbuf_r
                0x00000000080aea6a       0x7a /Applications/STM32CubeIDE.app/Contents/Eclipse/plugins/com.st.stm32cube.ide.mcu.externaltools.gnu-tools-for-stm32.11.3.rel1.macos64_1.1.1.202309131626/tools/bin/../lib/gcc/arm-none-eabi/11.3.1/../../../../arm-none-eabi/lib/thumb/v8-m.main+fp/hard/libc_nano.a(libc_a-wbuf.o)
                0x00000000080aea6a                __swbuf_r
 .text.__swsetup_r
                0x00000000080aeae4       0xb0 /Applications/STM32CubeIDE.app/Contents/Eclipse/plugins/com.st.stm32cube.ide.mcu.externaltools.gnu-tools-for-stm32.11.3.rel1.macos64_1.1.1.202309131626/tools/bin/../lib/gcc/arm-none-eabi/11.3.1/../../../../arm-none-eabi/lib/thumb/v8-m.main+fp/hard/libc_nano.a(libc_a-wsetup.o)
                0x00000000080aeae4                __swsetup_r
 .text.__swhatbuf_r
                0x00000000080aeb94       0x4a /Applications/STM32CubeIDE.app/Contents/Eclipse/plugins/com.st.stm32cube.ide.mcu.externaltools.gnu-tools-for-stm32.11.3.rel1.macos64_1.1.1.202309131626/tools/bin/../lib/gcc/arm-none-eabi/11.3.1/../../../../arm-none-eabi/lib/thumb/v8-m.main+fp/hard/libc_nano.a(libc_a-makebuf.o)
                0x00000000080aeb94                __swhatbuf_r
 .text.__smakebuf_r
                0x00000000080aebde       0x78 /Applications/STM32CubeIDE.app/Contents/Eclipse/plugins/com.st.stm32cube.ide.mcu.externaltools.gnu-tools-for-stm32.11.3.rel1.macos64_1.1.1.202309131626/tools/bin/../lib/gcc/arm-none-eabi/11.3.1/../../../../arm-none-eabi/lib/thumb/v8-m.main+fp/hard/libc_nano.a(libc_a-makebuf.o)
                0x00000000080aebde                __smakebuf_r
 *fill*         0x00000000080aec56        0x2 
 .text._close_r
                0x00000000080aec58       0x20 /Applications/STM32CubeIDE.app/Contents/Eclipse/plugins/com.st.stm32cube.ide.mcu.externaltools.gnu-tools-for-stm32.11.3.rel1.macos64_1.1.1.202309131626/tools/bin/../lib/gcc/arm-none-eabi/11.3.1/../../../../arm-none-eabi/lib/thumb/v8-m.main+fp/hard/libc_nano.a(libc_a-closer.o)
                0x00000000080aec58                _close_r
 .text._fstat_r
                0x00000000080aec78       0x24 /Applications/STM32CubeIDE.app/Contents/Eclipse/plugins/com.st.stm32cube.ide.mcu.externaltools.gnu-tools-for-stm32.11.3.rel1.macos64_1.1.1.202309131626/tools/bin/../lib/gcc/arm-none-eabi/11.3.1/../../../../arm-none-eabi/lib/thumb/v8-m.main+fp/hard/libc_nano.a(libc_a-fstatr.o)
                0x00000000080aec78                _fstat_r
 .text._isatty_r
                0x00000000080aec9c       0x20 /Applications/STM32CubeIDE.app/Contents/Eclipse/plugins/com.st.stm32cube.ide.mcu.externaltools.gnu-tools-for-stm32.11.3.rel1.macos64_1.1.1.202309131626/tools/bin/../lib/gcc/arm-none-eabi/11.3.1/../../../../arm-none-eabi/lib/thumb/v8-m.main+fp/hard/libc_nano.a(libc_a-isattyr.o)
                0x00000000080aec9c                _isatty_r
 .text._lseek_r
                0x00000000080aecbc       0x24 /Applications/STM32CubeIDE.app/Contents/Eclipse/plugins/com.st.stm32cube.ide.mcu.externaltools.gnu-tools-for-stm32.11.3.rel1.macos64_1.1.1.202309131626/tools/bin/../lib/gcc/arm-none-eabi/11.3.1/../../../../arm-none-eabi/lib/thumb/v8-m.main+fp/hard/libc_nano.a(libc_a-lseekr.o)
                0x00000000080aecbc                _lseek_r
 .text._read_r  0x00000000080aece0       0x24 /Applications/STM32CubeIDE.app/Contents/Eclipse/plugins/com.st.stm32cube.ide.mcu.externaltools.gnu-tools-for-stm32.11.3.rel1.macos64_1.1.1.202309131626/tools/bin/../lib/gcc/arm-none-eabi/11.3.1/../../../../arm-none-eabi/lib/thumb/v8-m.main+fp/hard/libc_nano.a(libc_a-readr.o)
                0x00000000080aece0                _read_r
 .text._write_r
                0x00000000080aed04       0x24 /Applications/STM32CubeIDE.app/Contents/Eclipse/plugins/com.st.stm32cube.ide.mcu.externaltools.gnu-tools-for-stm32.11.3.rel1.macos64_1.1.1.202309131626/tools/bin/../lib/gcc/arm-none-eabi/11.3.1/../../../../arm-none-eabi/lib/thumb/v8-m.main+fp/hard/libc_nano.a(libc_a-writer.o)
                0x00000000080aed04                _write_r
 .text.memchr   0x00000000080aed28       0x1c /Applications/STM32CubeIDE.app/Contents/Eclipse/plugins/com.st.stm32cube.ide.mcu.externaltools.gnu-tools-for-stm32.11.3.rel1.macos64_1.1.1.202309131626/tools/bin/../lib/gcc/arm-none-eabi/11.3.1/../../../../arm-none-eabi/lib/thumb/v8-m.main+fp/hard/libc_nano.a(libc_a-memchr-stub.o)
                0x00000000080aed28                memchr
 *(.glue_7)
 .glue_7        0x00000000080aed44        0x0 linker stubs
 *(.glue_7t)
 .glue_7t       0x00000000080aed44        0x0 linker stubs
 *(.eh_frame)
 .eh_frame      0x00000000080aed44        0x0 /Applications/STM32CubeIDE.app/Contents/Eclipse/plugins/com.st.stm32cube.ide.mcu.externaltools.gnu-tools-for-stm32.11.3.rel1.macos64_1.1.1.202309131626/tools/bin/../lib/gcc/arm-none-eabi/11.3.1/thumb/v8-m.main+fp/hard/crtbegin.o
 *(.init)
 .init          0x00000000080aed44        0x4 /Applications/STM32CubeIDE.app/Contents/Eclipse/plugins/com.st.stm32cube.ide.mcu.externaltools.gnu-tools-for-stm32.11.3.rel1.macos64_1.1.1.202309131626/tools/bin/../lib/gcc/arm-none-eabi/11.3.1/thumb/v8-m.main+fp/hard/crti.o
                0x00000000080aed44                _init
 .init          0x00000000080aed48        0x8 /Applications/STM32CubeIDE.app/Contents/Eclipse/plugins/com.st.stm32cube.ide.mcu.externaltools.gnu-tools-for-stm32.11.3.rel1.macos64_1.1.1.202309131626/tools/bin/../lib/gcc/arm-none-eabi/11.3.1/thumb/v8-m.main+fp/hard/crtn.o
 *(.fini)
 .fini          0x00000000080aed50        0x4 /Applications/STM32CubeIDE.app/Contents/Eclipse/plugins/com.st.stm32cube.ide.mcu.externaltools.gnu-tools-for-stm32.11.3.rel1.macos64_1.1.1.202309131626/tools/bin/../lib/gcc/arm-none-eabi/11.3.1/thumb/v8-m.main+fp/hard/crti.o
                0x00000000080aed50                _fini
 .fini          0x00000000080aed54        0x8 /Applications/STM32CubeIDE.app/Contents/Eclipse/plugins/com.st.stm32cube.ide.mcu.externaltools.gnu-tools-for-stm32.11.3.rel1.macos64_1.1.1.202309131626/tools/bin/../lib/gcc/arm-none-eabi/11.3.1/thumb/v8-m.main+fp/hard/crtn.o
                0x00000000080aed5c                _etext = .

.vfp11_veneer   0x00000000080aed5c        0x0
 .vfp11_veneer  0x00000000080aed5c        0x0 linker stubs

.v4_bx          0x00000000080aed5c        0x0
 .v4_bx         0x00000000080aed5c        0x0 linker stubs

.iplt           0x00000000080aed5c        0x0
 .iplt          0x00000000080aed5c        0x0 /Applications/STM32CubeIDE.app/Contents/Eclipse/plugins/com.st.stm32cube.ide.mcu.externaltools.gnu-tools-for-stm32.11.3.rel1.macos64_1.1.1.202309131626/tools/bin/../lib/gcc/arm-none-eabi/11.3.1/thumb/v8-m.main+fp/hard/crtbegin.o

.rodata         0x00000000080aed5c      0x683
 *(.rodata)
 .rodata        0x00000000080aed5c        0xb ./Core/Src/main.o
 *fill*         0x00000000080aed67        0x1 
 .rodata        0x00000000080aed68       0x48 ./Drivers/BSP/Components/ov5640/ov5640.o
 *(.rodata*)
 .rodata.AHBPrescTable
                0x00000000080aedb0       0x10 ./Core/Src/system_stm32u5xx.o
                0x00000000080aedb0                AHBPrescTable
 .rodata.APBPrescTable
                0x00000000080aedc0        0x8 ./Core/Src/system_stm32u5xx.o
                0x00000000080aedc0                APBPrescTable
 .rodata.MSIRangeTable
                0x00000000080aedc8       0x40 ./Core/Src/system_stm32u5xx.o
                0x00000000080aedc8                MSIRangeTable
 .rodata.OV5640_Common.15
                0x00000000080aee08      0x3f8 ./Drivers/BSP/Components/ov5640/ov5640.o
 .rodata.OV5640_PF_YUV422.14
                0x00000000080af200        0x8 ./Drivers/BSP/Components/ov5640/ov5640.o
 .rodata.OV5640_PF_RGB888.13
                0x00000000080af208        0x8 ./Drivers/BSP/Components/ov5640/ov5640.o
 .rodata.OV5640_PF_Y8.12
                0x00000000080af210        0x8 ./Drivers/BSP/Components/ov5640/ov5640.o
 .rodata.OV5640_PF_JPEG.11
                0x00000000080af218        0x8 ./Drivers/BSP/Components/ov5640/ov5640.o
 .rodata.OV5640_PF_RGB565.10
                0x00000000080af220        0x8 ./Drivers/BSP/Components/ov5640/ov5640.o
 .rodata.OV5640_QQVGA.9
                0x00000000080af228       0x10 ./Drivers/BSP/Components/ov5640/ov5640.o
 .rodata.OV5640_QVGA.8
                0x00000000080af238       0x10 ./Drivers/BSP/Components/ov5640/ov5640.o
 .rodata.OV5640_480x272.7
                0x00000000080af248       0x10 ./Drivers/BSP/Components/ov5640/ov5640.o
 .rodata.OV5640_VGA.6
                0x00000000080af258       0x10 ./Drivers/BSP/Components/ov5640/ov5640.o
 .rodata.OV5640_WVGA.5
                0x00000000080af268       0x10 ./Drivers/BSP/Components/ov5640/ov5640.o
 .rodata.OV5640_LightModeSunny.4
                0x00000000080af278       0x1c ./Drivers/BSP/Components/ov5640/ov5640.o
 .rodata.OV5640_LightModeOffice.3
                0x00000000080af294       0x1c ./Drivers/BSP/Components/ov5640/ov5640.o
 .rodata.OV5640_LightModeCloudy.2
                0x00000000080af2b0       0x1c ./Drivers/BSP/Components/ov5640/ov5640.o
 .rodata.OV5640_LightModeHome.1
                0x00000000080af2cc       0x1c ./Drivers/BSP/Components/ov5640/ov5640.o
 .rodata.OV5640_LightModeAuto.0
                0x00000000080af2e8       0x1c ./Drivers/BSP/Components/ov5640/ov5640.o
 .rodata.LPGPIO_Map
                0x00000000080af304       0x80 ./Drivers/STM32U5xx_HAL_Driver/Src/stm32u5xx_hal_gpio.o
 .rodata.UARTPrescTable
                0x00000000080af384       0x18 ./Drivers/STM32U5xx_HAL_Driver/Src/stm32u5xx_hal_uart.o
                0x00000000080af384                UARTPrescTable
 .rodata.numerator.1
                0x00000000080af39c        0x8 ./Drivers/STM32U5xx_HAL_Driver/Src/stm32u5xx_hal_uart_ex.o
 .rodata.denominator.0
                0x00000000080af3a4        0x8 ./Drivers/STM32U5xx_HAL_Driver/Src/stm32u5xx_hal_uart_ex.o
 .rodata._vfprintf_r.str1.1
                0x00000000080af3ac       0x11 /Applications/STM32CubeIDE.app/Contents/Eclipse/plugins/com.st.stm32cube.ide.mcu.externaltools.gnu-tools-for-stm32.11.3.rel1.macos64_1.1.1.202309131626/tools/bin/../lib/gcc/arm-none-eabi/11.3.1/../../../../arm-none-eabi/lib/thumb/v8-m.main+fp/hard/libc_nano.a(libc_a-nano-vfprintf.o)
 .rodata._printf_i.str1.1
                0x00000000080af3bd       0x22 /Applications/STM32CubeIDE.app/Contents/Eclipse/plugins/com.st.stm32cube.ide.mcu.externaltools.gnu-tools-for-stm32.11.3.rel1.macos64_1.1.1.202309131626/tools/bin/../lib/gcc/arm-none-eabi/11.3.1/../../../../arm-none-eabi/lib/thumb/v8-m.main+fp/hard/libc_nano.a(libc_a-nano-vfprintf_i.o)

.ARM.extab
 *(.ARM.extab* .gnu.linkonce.armextab.*)

.ARM            0x00000000080af3e0        0x8
                0x00000000080af3e0                __exidx_start = .
 *(.ARM.exidx*)
 .ARM.exidx     0x00000000080af3e0        0x8 /Applications/STM32CubeIDE.app/Contents/Eclipse/plugins/com.st.stm32cube.ide.mcu.externaltools.gnu-tools-for-stm32.11.3.rel1.macos64_1.1.1.202309131626/tools/bin/../lib/gcc/arm-none-eabi/11.3.1/thumb/v8-m.main+fp/hard/libgcc.a(_udivmoddi4.o)
                0x00000000080af3e8                __exidx_end = .

.rel.dyn        0x00000000080af3e8        0x0
 .rel.iplt      0x00000000080af3e8        0x0 /Applications/STM32CubeIDE.app/Contents/Eclipse/plugins/com.st.stm32cube.ide.mcu.externaltools.gnu-tools-for-stm32.11.3.rel1.macos64_1.1.1.202309131626/tools/bin/../lib/gcc/arm-none-eabi/11.3.1/thumb/v8-m.main+fp/hard/crtbegin.o

.preinit_array  0x00000000080af3e8        0x0
                0x00000000080af3e8                PROVIDE (__preinit_array_start = .)
 *(.preinit_array*)
                0x00000000080af3e8                PROVIDE (__preinit_array_end = .)

.init_array     0x00000000080af3e8        0x4
                0x00000000080af3e8                PROVIDE (__init_array_start = .)
 *(SORT_BY_NAME(.init_array.*))
 *(.init_array*)
 .init_array    0x00000000080af3e8        0x4 /Applications/STM32CubeIDE.app/Contents/Eclipse/plugins/com.st.stm32cube.ide.mcu.externaltools.gnu-tools-for-stm32.11.3.rel1.macos64_1.1.1.202309131626/tools/bin/../lib/gcc/arm-none-eabi/11.3.1/thumb/v8-m.main+fp/hard/crtbegin.o
                0x00000000080af3ec                PROVIDE (__init_array_end = .)

.fini_array     0x00000000080af3ec        0x4
                [!provide]                        PROVIDE (__fini_array_start = .)
 *(SORT_BY_NAME(.fini_array.*))
 *(.fini_array*)
 .fini_array    0x00000000080af3ec        0x4 /Applications/STM32CubeIDE.app/Contents/Eclipse/plugins/com.st.stm32cube.ide.mcu.externaltools.gnu-tools-for-stm32.11.3.rel1.macos64_1.1.1.202309131626/tools/bin/../lib/gcc/arm-none-eabi/11.3.1/thumb/v8-m.main+fp/hard/crtbegin.o
                [!provide]                        PROVIDE (__fini_array_end = .)
                0x00000000080af3f0                _sidata = LOADADDR (.data)

.data           0x0000000020000000       0xac load address 0x00000000080af3f0
                0x0000000020000000                _sdata = .
 *(.data)
 *(.data*)
 .data.SystemCoreClock
                0x0000000020000000        0x4 ./Core/Src/system_stm32u5xx.o
                0x0000000020000000                SystemCoreClock
 .data.OV5640_CAMERA_Driver
                0x0000000020000004       0x44 ./Drivers/BSP/Components/ov5640/ov5640.o
                0x0000000020000004                OV5640_CAMERA_Driver
 .data.uwTickPrio
                0x0000000020000048        0x4 ./Drivers/STM32U5xx_HAL_Driver/Src/stm32u5xx_hal.o
                0x0000000020000048                uwTickPrio
 .data.uwTickFreq
                0x000000002000004c        0x1 ./Drivers/STM32U5xx_HAL_Driver/Src/stm32u5xx_hal.o
                0x000000002000004c                uwTickFreq
 *fill*         0x000000002000004d        0x3 
 .data.__sglue  0x0000000020000050        0xc /Applications/STM32CubeIDE.app/Contents/Eclipse/plugins/com.st.stm32cube.ide.mcu.externaltools.gnu-tools-for-stm32.11.3.rel1.macos64_1.1.1.202309131626/tools/bin/../lib/gcc/arm-none-eabi/11.3.1/../../../../arm-none-eabi/lib/thumb/v8-m.main+fp/hard/libc_nano.a(libc_a-findfp.o)
                0x0000000020000050                __sglue
 .data._impure_data
                0x000000002000005c       0x4c /Applications/STM32CubeIDE.app/Contents/Eclipse/plugins/com.st.stm32cube.ide.mcu.externaltools.gnu-tools-for-stm32.11.3.rel1.macos64_1.1.1.202309131626/tools/bin/../lib/gcc/arm-none-eabi/11.3.1/../../../../arm-none-eabi/lib/thumb/v8-m.main+fp/hard/libc_nano.a(libc_a-impure.o)
                0x000000002000005c                _impure_data
 .data._impure_ptr
                0x00000000200000a8        0x4 /Applications/STM32CubeIDE.app/Contents/Eclipse/plugins/com.st.stm32cube.ide.mcu.externaltools.gnu-tools-for-stm32.11.3.rel1.macos64_1.1.1.202309131626/tools/bin/../lib/gcc/arm-none-eabi/11.3.1/../../../../arm-none-eabi/lib/thumb/v8-m.main+fp/hard/libc_nano.a(libc_a-impure.o)
                0x00000000200000a8                _impure_ptr
 *(.RamFunc)
 *(.RamFunc*)
                0x00000000200000ac                _edata = .

.igot.plt       0x00000000200000ac        0x0 load address 0x00000000080af49c
 .igot.plt      0x00000000200000ac        0x0 /Applications/STM32CubeIDE.app/Contents/Eclipse/plugins/com.st.stm32cube.ide.mcu.externaltools.gnu-tools-for-stm32.11.3.rel1.macos64_1.1.1.202309131626/tools/bin/../lib/gcc/arm-none-eabi/11.3.1/thumb/v8-m.main+fp/hard/crtbegin.o

.bss            0x00000000200000ac    0x96418 load address 0x00000000080af49c
                0x00000000200000ac                _sbss = .
                0x00000000200000ac                __bss_start__ = _sbss
 *(.bss)
 .bss           0x00000000200000ac       0x1c /Applications/STM32CubeIDE.app/Contents/Eclipse/plugins/com.st.stm32cube.ide.mcu.externaltools.gnu-tools-for-stm32.11.3.rel1.macos64_1.1.1.202309131626/tools/bin/../lib/gcc/arm-none-eabi/11.3.1/thumb/v8-m.main+fp/hard/crtbegin.o
 *(.bss*)
 .bss.hdcmi     0x00000000200000c8       0x50 ./Core/Src/dcmi.o
                0x00000000200000c8                hdcmi
 .bss.handle_GPDMA1_Channel12
                0x0000000020000118       0x78 ./Core/Src/gpdma.o
                0x0000000020000118                handle_GPDMA1_Channel12
 .bss.hi2c1     0x0000000020000190       0x54 ./Core/Src/i2c.o
                0x0000000020000190                hi2c1
 .bss.DCMINode1
                0x00000000200001e4       0x24 ./Core/Src/linked_list.o
                0x00000000200001e4                DCMINode1
 .bss.DCMIQueue
                0x0000000020000208       0x18 ./Core/Src/linked_list.o
                0x0000000020000208                DCMIQueue
 .bss.DCMINode2
                0x0000000020000220       0x24 ./Core/Src/linked_list.o
                0x0000000020000220                DCMINode2
 .bss.CameraBuf
                0x0000000020000244    0x96000 ./Core/Src/main.o
                0x0000000020000244                CameraBuf
 .bss.frameFlag
                0x0000000020096244        0x1 ./Core/Src/main.o
                0x0000000020096244                frameFlag
 *fill*         0x0000000020096245        0x3 
 .bss.__sbrk_heap_end
                0x0000000020096248        0x4 ./Core/Src/sysmem.o
 .bss.huart1    0x000000002009624c       0x94 ./Core/Src/usart.o
                0x000000002009624c                huart1
 .bss.I2c1InitCounter
                0x00000000200962e0        0x4 ./Drivers/BSP/B-U585I-IOT02A/b_u585i_iot02a_bus.o
 .bss.hbus_i2c1
                0x00000000200962e4        0x4 ./Drivers/BSP/B-U585I-IOT02A/b_u585i_iot02a_bus.o
                0x00000000200962e4                hbus_i2c1
 .bss.Camera_CompObj
                0x00000000200962e8        0x4 ./Drivers/BSP/B-U585I-IOT02A/b_u585i_iot02a_camera.o
                0x00000000200962e8                Camera_CompObj
 .bss.hcamera_dcmi
                0x00000000200962ec        0x4 ./Drivers/BSP/B-U585I-IOT02A/b_u585i_iot02a_camera.o
                0x00000000200962ec                hcamera_dcmi
 .bss.Camera_Ctx
                0x00000000200962f0       0x30 ./Drivers/BSP/B-U585I-IOT02A/b_u585i_iot02a_camera.o
                0x00000000200962f0                Camera_Ctx
 .bss.Camera_Drv
                0x0000000020096320        0x4 ./Drivers/BSP/B-U585I-IOT02A/b_u585i_iot02a_camera.o
 .bss.Camera_Cap
                0x0000000020096324       0x28 ./Drivers/BSP/B-U585I-IOT02A/b_u585i_iot02a_camera.o
 .bss.OV5640Obj.0
                0x000000002009634c       0x28 ./Drivers/BSP/B-U585I-IOT02A/b_u585i_iot02a_camera.o
 .bss.uwTick    0x0000000020096374        0x4 ./Drivers/STM32U5xx_HAL_Driver/Src/stm32u5xx_hal.o
                0x0000000020096374                uwTick
 .bss.__malloc_free_list
                0x0000000020096378        0x4 /Applications/STM32CubeIDE.app/Contents/Eclipse/plugins/com.st.stm32cube.ide.mcu.externaltools.gnu-tools-for-stm32.11.3.rel1.macos64_1.1.1.202309131626/tools/bin/../lib/gcc/arm-none-eabi/11.3.1/../../../../arm-none-eabi/lib/thumb/v8-m.main+fp/hard/libc_nano.a(libc_a-mallocr.o)
                0x0000000020096378                __malloc_free_list
 .bss.__malloc_sbrk_start
                0x000000002009637c        0x4 /Applications/STM32CubeIDE.app/Contents/Eclipse/plugins/com.st.stm32cube.ide.mcu.externaltools.gnu-tools-for-stm32.11.3.rel1.macos64_1.1.1.202309131626/tools/bin/../lib/gcc/arm-none-eabi/11.3.1/../../../../arm-none-eabi/lib/thumb/v8-m.main+fp/hard/libc_nano.a(libc_a-mallocr.o)
                0x000000002009637c                __malloc_sbrk_start
 .bss.__sf      0x0000000020096380      0x138 /Applications/STM32CubeIDE.app/Contents/Eclipse/plugins/com.st.stm32cube.ide.mcu.externaltools.gnu-tools-for-stm32.11.3.rel1.macos64_1.1.1.202309131626/tools/bin/../lib/gcc/arm-none-eabi/11.3.1/../../../../arm-none-eabi/lib/thumb/v8-m.main+fp/hard/libc_nano.a(libc_a-findfp.o)
                0x0000000020096380                __sf
 .bss.__stdio_exit_handler
                0x00000000200964b8        0x4 /Applications/STM32CubeIDE.app/Contents/Eclipse/plugins/com.st.stm32cube.ide.mcu.externaltools.gnu-tools-for-stm32.11.3.rel1.macos64_1.1.1.202309131626/tools/bin/../lib/gcc/arm-none-eabi/11.3.1/../../../../arm-none-eabi/lib/thumb/v8-m.main+fp/hard/libc_nano.a(libc_a-findfp.o)
                0x00000000200964b8                __stdio_exit_handler
 .bss.__lock___malloc_recursive_mutex
                0x00000000200964bc        0x1 /Applications/STM32CubeIDE.app/Contents/Eclipse/plugins/com.st.stm32cube.ide.mcu.externaltools.gnu-tools-for-stm32.11.3.rel1.macos64_1.1.1.202309131626/tools/bin/../lib/gcc/arm-none-eabi/11.3.1/../../../../arm-none-eabi/lib/thumb/v8-m.main+fp/hard/libc_nano.a(libc_a-lock.o)
                0x00000000200964bc                __lock___malloc_recursive_mutex
 .bss.__lock___sfp_recursive_mutex
                0x00000000200964bd        0x1 /Applications/STM32CubeIDE.app/Contents/Eclipse/plugins/com.st.stm32cube.ide.mcu.externaltools.gnu-tools-for-stm32.11.3.rel1.macos64_1.1.1.202309131626/tools/bin/../lib/gcc/arm-none-eabi/11.3.1/../../../../arm-none-eabi/lib/thumb/v8-m.main+fp/hard/libc_nano.a(libc_a-lock.o)
                0x00000000200964bd                __lock___sfp_recursive_mutex
 *fill*         0x00000000200964be        0x2 
 .bss.errno     0x00000000200964c0        0x4 /Applications/STM32CubeIDE.app/Contents/Eclipse/plugins/com.st.stm32cube.ide.mcu.externaltools.gnu-tools-for-stm32.11.3.rel1.macos64_1.1.1.202309131626/tools/bin/../lib/gcc/arm-none-eabi/11.3.1/../../../../arm-none-eabi/lib/thumb/v8-m.main+fp/hard/libc_nano.a(libc_a-reent.o)
                0x00000000200964c0                errno
 *(COMMON)
                0x00000000200964c4                _ebss = .
                0x00000000200964c4                __bss_end__ = _ebss

._user_heap_stack
                0x00000000200964c4      0x604 load address 0x00000000080af49c
                0x00000000200964c8                . = ALIGN (0x8)
 *fill*         0x00000000200964c4        0x4 
                [!provide]                        PROVIDE (end = .)
                0x00000000200964c8                PROVIDE (_end = .)
                0x00000000200966c8                . = (. + _Min_Heap_Size)
 *fill*         0x00000000200964c8      0x200 
                0x0000000020096ac8                . = (. + _Min_Stack_Size)
 *fill*         0x00000000200966c8      0x400 
                0x0000000020096ac8                . = ALIGN (0x8)

/DISCARD/
 libc.a(*)
 libm.a(*)
 libgcc.a(*)

.ARM.attributes
                0x0000000000000000       0x36
 *(.ARM.attributes)
 .ARM.attributes
                0x0000000000000000       0x22 /Applications/STM32CubeIDE.app/Contents/Eclipse/plugins/com.st.stm32cube.ide.mcu.externaltools.gnu-tools-for-stm32.11.3.rel1.macos64_1.1.1.202309131626/tools/bin/../lib/gcc/arm-none-eabi/11.3.1/thumb/v8-m.main+fp/hard/crti.o
 .ARM.attributes
                0x0000000000000022       0x38 /Applications/STM32CubeIDE.app/Contents/Eclipse/plugins/com.st.stm32cube.ide.mcu.externaltools.gnu-tools-for-stm32.11.3.rel1.macos64_1.1.1.202309131626/tools/bin/../lib/gcc/arm-none-eabi/11.3.1/thumb/v8-m.main+fp/hard/crtbegin.o
 .ARM.attributes
                0x000000000000005a       0x3a ./Core/Src/dcmi.o
 .ARM.attributes
                0x0000000000000094       0x3a ./Core/Src/gpdma.o
 .ARM.attributes
                0x00000000000000ce       0x3a ./Core/Src/gpio.o
 .ARM.attributes
                0x0000000000000108       0x3a ./Core/Src/hdc.o
 .ARM.attributes
                0x0000000000000142       0x3a ./Core/Src/i2c.o
 .ARM.attributes
                0x000000000000017c       0x3a ./Core/Src/icache.o
 .ARM.attributes
                0x00000000000001b6       0x3a ./Core/Src/linked_list.o
 .ARM.attributes
                0x00000000000001f0       0x3a ./Core/Src/main.o
 .ARM.attributes
                0x000000000000022a       0x3a ./Core/Src/memorymap.o
 .ARM.attributes
                0x0000000000000264       0x3a ./Core/Src/stm32u5xx_hal_msp.o
 .ARM.attributes
                0x000000000000029e       0x3a ./Core/Src/stm32u5xx_it.o
 .ARM.attributes
                0x00000000000002d8       0x3a ./Core/Src/syscalls.o
 .ARM.attributes
                0x0000000000000312       0x3a ./Core/Src/sysmem.o
 .ARM.attributes
                0x000000000000034c       0x3a ./Core/Src/system_stm32u5xx.o
 .ARM.attributes
                0x0000000000000386       0x3a ./Core/Src/usart.o
 .ARM.attributes
                0x00000000000003c0       0x24 ./Core/Startup/startup_stm32u585aiixq.o
 .ARM.attributes
                0x00000000000003e4       0x3a ./Drivers/BSP/B-U585I-IOT02A/b_u585i_iot02a_bus.o
 .ARM.attributes
                0x000000000000041e       0x3a ./Drivers/BSP/B-U585I-IOT02A/b_u585i_iot02a_camera.o
 .ARM.attributes
                0x0000000000000458       0x3a ./Drivers/BSP/Components/ov5640/ov5640.o
 .ARM.attributes
                0x0000000000000492       0x3a ./Drivers/BSP/Components/ov5640/ov5640_reg.o
 .ARM.attributes
                0x00000000000004cc       0x3a ./Drivers/STM32U5xx_HAL_Driver/Src/stm32u5xx_hal.o
 .ARM.attributes
                0x0000000000000506       0x3a ./Drivers/STM32U5xx_HAL_Driver/Src/stm32u5xx_hal_cortex.o
 .ARM.attributes
                0x0000000000000540       0x3a ./Drivers/STM32U5xx_HAL_Driver/Src/stm32u5xx_hal_dcmi.o
 .ARM.attributes
                0x000000000000057a       0x3a ./Drivers/STM32U5xx_HAL_Driver/Src/stm32u5xx_hal_dma.o
 .ARM.attributes
                0x00000000000005b4       0x3a ./Drivers/STM32U5xx_HAL_Driver/Src/stm32u5xx_hal_dma_ex.o
 .ARM.attributes
                0x00000000000005ee       0x3a ./Drivers/STM32U5xx_HAL_Driver/Src/stm32u5xx_hal_gpio.o
 .ARM.attributes
                0x0000000000000628       0x3a ./Drivers/STM32U5xx_HAL_Driver/Src/stm32u5xx_hal_i2c.o
 .ARM.attributes
                0x0000000000000662       0x3a ./Drivers/STM32U5xx_HAL_Driver/Src/stm32u5xx_hal_i2c_ex.o
 .ARM.attributes
                0x000000000000069c       0x3a ./Drivers/STM32U5xx_HAL_Driver/Src/stm32u5xx_hal_icache.o
 .ARM.attributes
                0x00000000000006d6       0x3a ./Drivers/STM32U5xx_HAL_Driver/Src/stm32u5xx_hal_pwr_ex.o
 .ARM.attributes
                0x0000000000000710       0x3a ./Drivers/STM32U5xx_HAL_Driver/Src/stm32u5xx_hal_rcc.o
 .ARM.attributes
                0x000000000000074a       0x3a ./Drivers/STM32U5xx_HAL_Driver/Src/stm32u5xx_hal_rcc_ex.o
 .ARM.attributes
                0x0000000000000784       0x3a ./Drivers/STM32U5xx_HAL_Driver/Src/stm32u5xx_hal_uart.o
 .ARM.attributes
                0x00000000000007be       0x3a ./Drivers/STM32U5xx_HAL_Driver/Src/stm32u5xx_hal_uart_ex.o
 .ARM.attributes
                0x00000000000007f8       0x38 /Applications/STM32CubeIDE.app/Contents/Eclipse/plugins/com.st.stm32cube.ide.mcu.externaltools.gnu-tools-for-stm32.11.3.rel1.macos64_1.1.1.202309131626/tools/bin/../lib/gcc/arm-none-eabi/11.3.1/../../../../arm-none-eabi/lib/thumb/v8-m.main+fp/hard/libc_nano.a(libc_a-malloc.o)
 .ARM.attributes
                0x0000000000000830       0x38 /Applications/STM32CubeIDE.app/Contents/Eclipse/plugins/com.st.stm32cube.ide.mcu.externaltools.gnu-tools-for-stm32.11.3.rel1.macos64_1.1.1.202309131626/tools/bin/../lib/gcc/arm-none-eabi/11.3.1/../../../../arm-none-eabi/lib/thumb/v8-m.main+fp/hard/libc_nano.a(libc_a-mallocr.o)
 .ARM.attributes
                0x0000000000000868       0x38 /Applications/STM32CubeIDE.app/Contents/Eclipse/plugins/com.st.stm32cube.ide.mcu.externaltools.gnu-tools-for-stm32.11.3.rel1.macos64_1.1.1.202309131626/tools/bin/../lib/gcc/arm-none-eabi/11.3.1/../../../../arm-none-eabi/lib/thumb/v8-m.main+fp/hard/libc_nano.a(libc_a-mlock.o)
 .ARM.attributes
                0x00000000000008a0       0x38 /Applications/STM32CubeIDE.app/Contents/Eclipse/plugins/com.st.stm32cube.ide.mcu.externaltools.gnu-tools-for-stm32.11.3.rel1.macos64_1.1.1.202309131626/tools/bin/../lib/gcc/arm-none-eabi/11.3.1/../../../../arm-none-eabi/lib/thumb/v8-m.main+fp/hard/libc_nano.a(libc_a-findfp.o)
 .ARM.attributes
                0x00000000000008d8       0x38 /Applications/STM32CubeIDE.app/Contents/Eclipse/plugins/com.st.stm32cube.ide.mcu.externaltools.gnu-tools-for-stm32.11.3.rel1.macos64_1.1.1.202309131626/tools/bin/../lib/gcc/arm-none-eabi/11.3.1/../../../../arm-none-eabi/lib/thumb/v8-m.main+fp/hard/libc_nano.a(libc_a-fwalk.o)
 .ARM.attributes
                0x0000000000000910       0x38 /Applications/STM32CubeIDE.app/Contents/Eclipse/plugins/com.st.stm32cube.ide.mcu.externaltools.gnu-tools-for-stm32.11.3.rel1.macos64_1.1.1.202309131626/tools/bin/../lib/gcc/arm-none-eabi/11.3.1/../../../../arm-none-eabi/lib/thumb/v8-m.main+fp/hard/libc_nano.a(libc_a-printf.o)
 .ARM.attributes