../Drivers/BSP/B-U585I-IOT02A/b_u585i_iot02a_camera.c:175:9:BSP_CAMERA_Init	32	static
../Drivers/BSP/B-U585I-IOT02A/b_u585i_iot02a_camera.c:223:9:BSP_CAMERA_DeInit	24	static
../Drivers/BSP/B-U585I-IOT02A/b_u585i_iot02a_camera.c:269:9:BSP_CAMERA_Start	40	static
../Drivers/BSP/B-U585I-IOT02A/b_u585i_iot02a_camera.c:308:9:BSP_CAMERA_Stop	24	static
../Drivers/BSP/B-U585I-IOT02A/b_u585i_iot02a_camera.c:333:9:BSP_CAMERA_Suspend	24	static
../Drivers/BSP/B-U585I-IOT02A/b_u585i_iot02a_camera.c:358:9:BSP_CAMERA_Resume	24	static
../Drivers/BSP/B-U585I-IOT02A/b_u585i_iot02a_camera.c:387:9:BSP_CAMERA_GetCapabilities	24	static
../Drivers/BSP/B-U585I-IOT02A/b_u585i_iot02a_camera.c:414:9:BSP_CAMERA_SetPixelFormat	24	static
../Drivers/BSP/B-U585I-IOT02A/b_u585i_iot02a_camera.c:442:9:BSP_CAMERA_GetPixelFormat	24	static
../Drivers/BSP/B-U585I-IOT02A/b_u585i_iot02a_camera.c:467:9:BSP_CAMERA_SetResolution	24	static
../Drivers/BSP/B-U585I-IOT02A/b_u585i_iot02a_camera.c:499:9:BSP_CAMERA_GetResolution	24	static
../Drivers/BSP/B-U585I-IOT02A/b_u585i_iot02a_camera.c:527:9:BSP_CAMERA_SetLightMode	24	static
../Drivers/BSP/B-U585I-IOT02A/b_u585i_iot02a_camera.c:559:9:BSP_CAMERA_GetLightMode	24	static
../Drivers/BSP/B-U585I-IOT02A/b_u585i_iot02a_camera.c:587:9:BSP_CAMERA_SetColorEffect	24	static
../Drivers/BSP/B-U585I-IOT02A/b_u585i_iot02a_camera.c:619:9:BSP_CAMERA_GetColorEffect	24	static
../Drivers/BSP/B-U585I-IOT02A/b_u585i_iot02a_camera.c:647:9:BSP_CAMERA_SetBrightness	24	static
../Drivers/BSP/B-U585I-IOT02A/b_u585i_iot02a_camera.c:680:9:BSP_CAMERA_GetBrightness	24	static
../Drivers/BSP/B-U585I-IOT02A/b_u585i_iot02a_camera.c:708:9:BSP_CAMERA_SetSaturation	24	static
../Drivers/BSP/B-U585I-IOT02A/b_u585i_iot02a_camera.c:741:9:BSP_CAMERA_GetSaturation	24	static
../Drivers/BSP/B-U585I-IOT02A/b_u585i_iot02a_camera.c:769:9:BSP_CAMERA_SetContrast	24	static
../Drivers/BSP/B-U585I-IOT02A/b_u585i_iot02a_camera.c:801:9:BSP_CAMERA_GetContrast	24	static
../Drivers/BSP/B-U585I-IOT02A/b_u585i_iot02a_camera.c:829:9:BSP_CAMERA_SetHueDegree	24	static
../Drivers/BSP/B-U585I-IOT02A/b_u585i_iot02a_camera.c:861:9:BSP_CAMERA_GetHueDegree	24	static
../Drivers/BSP/B-U585I-IOT02A/b_u585i_iot02a_camera.c:890:9:BSP_CAMERA_SetMirrorFlip	24	static
../Drivers/BSP/B-U585I-IOT02A/b_u585i_iot02a_camera.c:922:9:BSP_CAMERA_GetMirrorFlip	24	static
../Drivers/BSP/B-U585I-IOT02A/b_u585i_iot02a_camera.c:950:9:BSP_CAMERA_SetZoom	24	static
../Drivers/BSP/B-U585I-IOT02A/b_u585i_iot02a_camera.c:982:9:BSP_CAMERA_GetZoom	24	static
../Drivers/BSP/B-U585I-IOT02A/b_u585i_iot02a_camera.c:1009:9:BSP_CAMERA_EnableNightMode	24	static
../Drivers/BSP/B-U585I-IOT02A/b_u585i_iot02a_camera.c:1039:9:BSP_CAMERA_DisableNightMode	24	static
../Drivers/BSP/B-U585I-IOT02A/b_u585i_iot02a_camera.c:1069:9:BSP_CAMERA_HwReset	24	static
../Drivers/BSP/B-U585I-IOT02A/b_u585i_iot02a_camera.c:1102:9:BSP_CAMERA_PwrDown	24	static
../Drivers/BSP/B-U585I-IOT02A/b_u585i_iot02a_camera.c:1128:6:BSP_CAMERA_IRQ_HANDLER	16	static
../Drivers/BSP/B-U585I-IOT02A/b_u585i_iot02a_camera.c:1141:6:BSP_CAMERA_DMA_IRQ_HANDLER	16	static
../Drivers/BSP/B-U585I-IOT02A/b_u585i_iot02a_camera.c:1154:13:BSP_CAMERA_LineEventCallback	16	static
../Drivers/BSP/B-U585I-IOT02A/b_u585i_iot02a_camera.c:1169:13:BSP_CAMERA_FrameEventCallback	16	static
../Drivers/BSP/B-U585I-IOT02A/b_u585i_iot02a_camera.c:1184:13:BSP_CAMERA_VsyncEventCallback	16	static
../Drivers/BSP/B-U585I-IOT02A/b_u585i_iot02a_camera.c:1199:13:BSP_CAMERA_ErrorCallback	16	static
../Drivers/BSP/B-U585I-IOT02A/b_u585i_iot02a_camera.c:1215:6:HAL_DCMI_LineEventCallback	16	static
../Drivers/BSP/B-U585I-IOT02A/b_u585i_iot02a_camera.c:1228:6:HAL_DCMI_FrameEventCallback	16	static
../Drivers/BSP/B-U585I-IOT02A/b_u585i_iot02a_camera.c:1241:6:HAL_DCMI_VsyncEventCallback	16	static
../Drivers/BSP/B-U585I-IOT02A/b_u585i_iot02a_camera.c:1254:6:HAL_DCMI_ErrorCallback	16	static
../Drivers/BSP/B-U585I-IOT02A/b_u585i_iot02a_camera.c:1277:16:GetSize	24	static
../Drivers/BSP/B-U585I-IOT02A/b_u585i_iot02a_camera.c:1318:16:OV5640_Probe	48	static
